[     219ms] [LOG] [Fast Refresh] done in 3200ms @ http://localhost:3000/_next/static/chunks/node_modules_next_dist_115brz8._.js:2431
[     341ms] [LOG] [Fast Refresh] rebuilding @ http://localhost:3000/_next/static/chunks/node_modules_next_dist_115brz8._.js:2431
[     775ms] [LOG] [Fast Refresh] done in 536ms @ http://localhost:3000/_next/static/chunks/node_modules_next_dist_115brz8._.js:2431
[    1154ms] [INFO] %cDownload the React DevTools for a better development experience: https://react.dev/link/react-devtools font-weight:bold @ http://localhost:3000/_next/static/chunks/node_modules_next_dist_115brz8._.js:2431
[    1186ms] [LOG] [HMR] connected @ http://localhost:3000/_next/static/chunks/node_modules_next_dist_115brz8._.js:2431
[    1367ms] [LOG] [Fast Refresh] rebuilding @ http://localhost:3000/_next/static/chunks/node_modules_next_dist_115brz8._.js:2431
[    1394ms] [LOG] PortfolioPage holdings: 6 BTC,MSFT,ETH,SOL,BTC,005930 @ http://localhost:3000/_next/static/chunks/node_modules_next_dist_115brz8._.js:2431
[    1397ms] [LOG] PortfolioPage holdings: 6 BTC,MSFT,ETH,SOL,BTC,005930 @ http://localhost:3000/_next/static/chunks/node_modules_next_dist_115brz8._.js:2431
[    1439ms] [LOG] PortfolioPage holdings: 6 BTC,MSFT,ETH,SOL,BTC,005930 @ http://localhost:3000/_next/static/chunks/node_modules_next_dist_115brz8._.js:2431
[    1441ms] [LOG] PortfolioPage holdings: 6 BTC,MSFT,ETH,SOL,BTC,005930 @ http://localhost:3000/_next/static/chunks/node_modules_next_dist_115brz8._.js:2431
[    1533ms] [LOG] [Fast Refresh] done in 276ms @ http://localhost:3000/_next/static/chunks/node_modules_next_dist_115brz8._.js:2431
[    1637ms] [LOG] [Fast Refresh] rebuilding @ http://localhost:3000/_next/static/chunks/node_modules_next_dist_115brz8._.js:2431
[    1723ms] [LOG] PortfolioPage holdings: 6 BTC,MSFT,ETH,SOL,BTC,005930 @ http://localhost:3000/_next/static/chunks/node_modules_next_dist_115brz8._.js:2431
[    1725ms] [LOG] PortfolioPage holdings: 6 BTC,MSFT,ETH,SOL,BTC,005930 @ http://localhost:3000/_next/static/chunks/node_modules_next_dist_115brz8._.js:2431
[    1762ms] [LOG] [Fast Refresh] done in 226ms @ http://localhost:3000/_next/static/chunks/node_modules_next_dist_115brz8._.js:2431
[    2040ms] [LOG] PortfolioPage holdings: 6 BTC,MSFT,ETH,SOL,BTC,005930 @ http://localhost:3000/_next/static/chunks/node_modules_next_dist_115brz8._.js:2431
[    2042ms] [LOG] PortfolioPage holdings: 6 BTC,MSFT,ETH,SOL,BTC,005930 @ http://localhost:3000/_next/static/chunks/node_modules_next_dist_115brz8._.js:2431
[    2319ms] [LOG] PortfolioPage holdings: 6 BTC,MSFT,ETH,SOL,BTC,005930 @ http://localhost:3000/_next/static/chunks/node_modules_next_dist_115brz8._.js:2431
[    2320ms] [LOG] PortfolioPage holdings: 6 BTC,MSFT,ETH,SOL,BTC,005930 @ http://localhost:3000/_next/static/chunks/node_modules_next_dist_115brz8._.js:2431
[    2359ms] [LOG] PortfolioPage holdings: 6 BTC,MSFT,ETH,SOL,BTC,005930 @ http://localhost:3000/_next/static/chunks/node_modules_next_dist_115brz8._.js:2431
[    2360ms] [LOG] PortfolioPage holdings: 6 BTC,MSFT,ETH,SOL,BTC,005930 @ http://localhost:3000/_next/static/chunks/node_modules_next_dist_115brz8._.js:2431
[   38009ms] [LOG] [Fast Refresh] rebuilding @ http://localhost:3000/_next/static/chunks/node_modules_next_dist_115brz8._.js:2431
[   38009ms] [LOG] [Fast Refresh] done in 101ms @ http://localhost:3000/_next/static/chunks/node_modules_next_dist_115brz8._.js:2431
[   62069ms] [LOG] PortfolioPage holdings: 6 BTC,MSFT,ETH,SOL,BTC,005930 @ http://localhost:3000/_next/static/chunks/node_modules_next_dist_115brz8._.js:2431
[   62070ms] [LOG] PortfolioPage holdings: 6 BTC,MSFT,ETH,SOL,BTC,005930 @ http://localhost:3000/_next/static/chunks/node_modules_next_dist_115brz8._.js:2431
[   62372ms] [LOG] PortfolioPage holdings: 6 BTC,MSFT,ETH,SOL,BTC,005930 @ http://localhost:3000/_next/static/chunks/node_modules_next_dist_115brz8._.js:2431
[   62373ms] [LOG] PortfolioPage holdings: 6 BTC,MSFT,ETH,SOL,BTC,005930 @ http://localhost:3000/_next/static/chunks/node_modules_next_dist_115brz8._.js:2431
[   86060ms] [LOG] [Fast Refresh] rebuilding @ http://localhost:3000/_next/static/chunks/node_modules_next_dist_115brz8._.js:2431
[   86141ms] [LOG] PortfolioPage holdings: 6 BTC,MSFT,ETH,SOL,BTC,005930 @ http://localhost:3000/_next/static/chunks/node_modules_next_dist_115brz8._.js:2431
[   86144ms] [LOG] PortfolioPage holdings: 6 BTC,MSFT,ETH,SOL,BTC,005930 @ http://localhost:3000/_next/static/chunks/node_modules_next_dist_115brz8._.js:2431
[   86189ms] [LOG] PortfolioPage holdings: 6 BTC,MSFT,ETH,SOL,BTC,005930 @ http://localhost:3000/_next/static/chunks/node_modules_next_dist_115brz8._.js:2431
[   86191ms] [LOG] PortfolioPage holdings: 6 BTC,MSFT,ETH,SOL,BTC,005930 @ http://localhost:3000/_next/static/chunks/node_modules_next_dist_115brz8._.js:2431
[   86238ms] [LOG] [Fast Refresh] done in 181ms @ http://localhost:3000/_next/static/chunks/node_modules_next_dist_115brz8._.js:2431
[   86245ms] [LOG] PortfolioPage holdings: 6 BTC,MSFT,ETH,SOL,BTC,005930 @ http://localhost:3000/_next/static/chunks/node_modules_next_dist_115brz8._.js:2431
[   86247ms] [LOG] PortfolioPage holdings: 6 BTC,MSFT,ETH,SOL,BTC,005930 @ http://localhost:3000/_next/static/chunks/node_modules_next_dist_115brz8._.js:2431
[   86341ms] [LOG] [Fast Refresh] rebuilding @ http://localhost:3000/_next/static/chunks/node_modules_next_dist_115brz8._.js:2431
[   86366ms] [LOG] [Fast Refresh] done in 125ms @ http://localhost:3000/_next/static/chunks/node_modules_next_dist_115brz8._.js:2431
[   86475ms] [LOG] [Fast Refresh] rebuilding @ http://localhost:3000/_next/static/chunks/node_modules_next_dist_115brz8._.js:2431
[   86495ms] [LOG] [Fast Refresh] done in 127ms @ http://localhost:3000/_next/static/chunks/node_modules_next_dist_115brz8._.js:2431
[   86510ms] [LOG] PortfolioPage holdings: 6 BTC,MSFT,ETH,SOL,BTC,005930 @ http://localhost:3000/_next/static/chunks/node_modules_next_dist_115brz8._.js:2431
[   86512ms] [LOG] PortfolioPage holdings: 6 BTC,MSFT,ETH,SOL,BTC,005930 @ http://localhost:3000/_next/static/chunks/node_modules_next_dist_115brz8._.js:2431
