[     707ms] [INFO] %cDownload the React DevTools for a better development experience: https://react.dev/link/react-devtools font-weight:bold @ http://localhost:3000/_next/static/chunks/node_modules_next_dist_115brz8._.js:2431
[     747ms] [LOG] [HMR] connected @ http://localhost:3000/_next/static/chunks/node_modules_next_dist_115brz8._.js:2431
[     797ms] [LOG] PortfolioPage holdings: 5 BTC,MSFT,ETH,SOL,BTC @ http://localhost:3000/_next/static/chunks/node_modules_next_dist_115brz8._.js:2431
[     801ms] [LOG] PortfolioPage holdings: 5 BTC,MSFT,ETH,SOL,BTC @ http://localhost:3000/_next/static/chunks/node_modules_next_dist_115brz8._.js:2431
[     819ms] [LOG] PortfolioPage holdings: 5 BTC,MSFT,ETH,SOL,BTC @ http://localhost:3000/_next/static/chunks/node_modules_next_dist_115brz8._.js:2431
[     821ms] [LOG] PortfolioPage holdings: 5 BTC,MSFT,ETH,SOL,BTC @ http://localhost:3000/_next/static/chunks/node_modules_next_dist_115brz8._.js:2431
[    1012ms] [LOG] [Fast Refresh] rebuilding @ http://localhost:3000/_next/static/chunks/node_modules_next_dist_115brz8._.js:2431
[    1013ms] [LOG] [Fast Refresh] done in 255ms @ http://localhost:3000/_next/static/chunks/node_modules_next_dist_115brz8._.js:2431
[    1017ms] [LOG] PortfolioPage holdings: 5 BTC,MSFT,ETH,SOL,BTC @ http://localhost:3000/_next/static/chunks/node_modules_next_dist_115brz8._.js:2431
[    1018ms] [LOG] PortfolioPage holdings: 5 BTC,MSFT,ETH,SOL,BTC @ http://localhost:3000/_next/static/chunks/node_modules_next_dist_115brz8._.js:2431
[    1160ms] [LOG] [Fast Refresh] rebuilding @ http://localhost:3000/_next/static/chunks/node_modules_next_dist_115brz8._.js:2431
[    1163ms] [LOG] [Fast Refresh] done in 110ms @ http://localhost:3000/_next/static/chunks/node_modules_next_dist_115brz8._.js:2431
[    1301ms] [LOG] PortfolioPage holdings: 5 BTC,MSFT,ETH,SOL,BTC @ http://localhost:3000/_next/static/chunks/node_modules_next_dist_115brz8._.js:2431
[    1302ms] [LOG] PortfolioPage holdings: 5 BTC,MSFT,ETH,SOL,BTC @ http://localhost:3000/_next/static/chunks/node_modules_next_dist_115brz8._.js:2431
[    1398ms] [LOG] PortfolioPage holdings: 5 BTC,MSFT,ETH,SOL,BTC @ http://localhost:3000/_next/static/chunks/node_modules_next_dist_115brz8._.js:2431
[    1399ms] [LOG] PortfolioPage holdings: 5 BTC,MSFT,ETH,SOL,BTC @ http://localhost:3000/_next/static/chunks/node_modules_next_dist_115brz8._.js:2431
[   10164ms] [LOG] [Fast Refresh] rebuilding @ http://localhost:3000/_next/static/chunks/node_modules_next_dist_115brz8._.js:2431
[   10182ms] [LOG] [Fast Refresh] done in 138ms @ http://localhost:3000/_next/static/chunks/node_modules_next_dist_115brz8._.js:2431
[   10299ms] [LOG] [Fast Refresh] rebuilding @ http://localhost:3000/_next/static/chunks/node_modules_next_dist_115brz8._.js:2431
[   10364ms] [LOG] [Fast Refresh] done in 179ms @ http://localhost:3000/_next/static/chunks/node_modules_next_dist_115brz8._.js:2431
[   48268ms] [LOG] [Fast Refresh] rebuilding @ http://localhost:3000/_next/static/chunks/node_modules_next_dist_115brz8._.js:2431
[   48269ms] [LOG] [Fast Refresh] done in 104ms @ http://localhost:3000/_next/static/chunks/node_modules_next_dist_115brz8._.js:2431
[   56563ms] [LOG] [Fast Refresh] rebuilding @ http://localhost:3000/_next/static/chunks/node_modules_next_dist_115brz8._.js:2431
[   56564ms] [LOG] [Fast Refresh] done in 115ms @ http://localhost:3000/_next/static/chunks/node_modules_next_dist_115brz8._.js:2431
[   60650ms] [LOG] PortfolioPage holdings: 5 BTC,MSFT,ETH,SOL,BTC @ http://localhost:3000/_next/static/chunks/node_modules_next_dist_115brz8._.js:2431
[   60650ms] [LOG] PortfolioPage holdings: 5 BTC,MSFT,ETH,SOL,BTC @ http://localhost:3000/_next/static/chunks/node_modules_next_dist_115brz8._.js:2431
[   61403ms] [LOG] PortfolioPage holdings: 5 BTC,MSFT,ETH,SOL,BTC @ http://localhost:3000/_next/static/chunks/node_modules_next_dist_115brz8._.js:2431
[   61404ms] [LOG] PortfolioPage holdings: 5 BTC,MSFT,ETH,SOL,BTC @ http://localhost:3000/_next/static/chunks/node_modules_next_dist_115brz8._.js:2431
[   62905ms] [LOG] [Fast Refresh] rebuilding @ http://localhost:3000/_next/static/chunks/node_modules_next_dist_115brz8._.js:2431
[   62906ms] [LOG] [Fast Refresh] done in 104ms @ http://localhost:3000/_next/static/chunks/node_modules_next_dist_115brz8._.js:2431
[   72301ms] [LOG] [Fast Refresh] rebuilding @ http://localhost:3000/_next/static/chunks/node_modules_next_dist_115brz8._.js:2431
[   72303ms] [LOG] [Fast Refresh] done in 103ms @ http://localhost:3000/_next/static/chunks/node_modules_next_dist_115brz8._.js:2431
[   76336ms] [LOG] [Fast Refresh] rebuilding @ http://localhost:3000/_next/static/chunks/node_modules_next_dist_115brz8._.js:2431
[   76337ms] [LOG] [Fast Refresh] done in 104ms @ http://localhost:3000/_next/static/chunks/node_modules_next_dist_115brz8._.js:2431
[   91406ms] [LOG] PortfolioPage holdings: 5 BTC,MSFT,ETH,SOL,BTC @ http://localhost:3000/_next/static/chunks/node_modules_next_dist_115brz8._.js:2431
[   91407ms] [LOG] PortfolioPage holdings: 5 BTC,MSFT,ETH,SOL,BTC @ http://localhost:3000/_next/static/chunks/node_modules_next_dist_115brz8._.js:2431
[  114260ms] [WARNING] The specified value "Samsung Electronics" cannot be parsed, or is out of range. @ http://localhost:3000/_next/static/chunks/node_modules_next_dist_compiled_react-dom_058-ah~._.js:1440
[  121318ms] [LOG] PortfolioPage holdings: 5 BTC,MSFT,ETH,SOL,BTC @ http://localhost:3000/_next/static/chunks/node_modules_next_dist_115brz8._.js:2431
[  121319ms] [LOG] PortfolioPage holdings: 5 BTC,MSFT,ETH,SOL,BTC @ http://localhost:3000/_next/static/chunks/node_modules_next_dist_115brz8._.js:2431
[  121408ms] [LOG] PortfolioPage holdings: 5 BTC,MSFT,ETH,SOL,BTC @ http://localhost:3000/_next/static/chunks/node_modules_next_dist_115brz8._.js:2431
[  121409ms] [LOG] PortfolioPage holdings: 5 BTC,MSFT,ETH,SOL,BTC @ http://localhost:3000/_next/static/chunks/node_modules_next_dist_115brz8._.js:2431
[  131314ms] [LOG] PortfolioPage holdings: 5 BTC,MSFT,ETH,SOL,BTC @ http://localhost:3000/_next/static/chunks/node_modules_next_dist_115brz8._.js:2431
[  131315ms] [LOG] PortfolioPage holdings: 5 BTC,MSFT,ETH,SOL,BTC @ http://localhost:3000/_next/static/chunks/node_modules_next_dist_115brz8._.js:2431
[  138170ms] [LOG] [Fast Refresh] rebuilding @ http://localhost:3000/_next/static/chunks/node_modules_next_dist_115brz8._.js:2431
[  138172ms] [LOG] [Fast Refresh] done in 103ms @ http://localhost:3000/_next/static/chunks/node_modules_next_dist_115brz8._.js:2431
[  151412ms] [LOG] PortfolioPage holdings: 5 BTC,MSFT,ETH,SOL,BTC @ http://localhost:3000/_next/static/chunks/node_modules_next_dist_115brz8._.js:2431
[  151414ms] [LOG] PortfolioPage holdings: 5 BTC,MSFT,ETH,SOL,BTC @ http://localhost:3000/_next/static/chunks/node_modules_next_dist_115brz8._.js:2431
[  181321ms] [LOG] PortfolioPage holdings: 5 BTC,MSFT,ETH,SOL,BTC @ http://localhost:3000/_next/static/chunks/node_modules_next_dist_115brz8._.js:2431
[  181322ms] [LOG] PortfolioPage holdings: 5 BTC,MSFT,ETH,SOL,BTC @ http://localhost:3000/_next/static/chunks/node_modules_next_dist_115brz8._.js:2431
[  181415ms] [LOG] PortfolioPage holdings: 5 BTC,MSFT,ETH,SOL,BTC @ http://localhost:3000/_next/static/chunks/node_modules_next_dist_115brz8._.js:2431
[  181416ms] [LOG] PortfolioPage holdings: 5 BTC,MSFT,ETH,SOL,BTC @ http://localhost:3000/_next/static/chunks/node_modules_next_dist_115brz8._.js:2431
[  211425ms] [LOG] PortfolioPage holdings: 5 BTC,MSFT,ETH,SOL,BTC @ http://localhost:3000/_next/static/chunks/node_modules_next_dist_115brz8._.js:2431
[  211426ms] [LOG] PortfolioPage holdings: 5 BTC,MSFT,ETH,SOL,BTC @ http://localhost:3000/_next/static/chunks/node_modules_next_dist_115brz8._.js:2431
[  241331ms] [LOG] PortfolioPage holdings: 5 BTC,MSFT,ETH,SOL,BTC @ http://localhost:3000/_next/static/chunks/node_modules_next_dist_115brz8._.js:2431
[  241332ms] [LOG] PortfolioPage holdings: 5 BTC,MSFT,ETH,SOL,BTC @ http://localhost:3000/_next/static/chunks/node_modules_next_dist_115brz8._.js:2431
[  241428ms] [LOG] PortfolioPage holdings: 5 BTC,MSFT,ETH,SOL,BTC @ http://localhost:3000/_next/static/chunks/node_modules_next_dist_115brz8._.js:2431
[  241428ms] [LOG] PortfolioPage holdings: 5 BTC,MSFT,ETH,SOL,BTC @ http://localhost:3000/_next/static/chunks/node_modules_next_dist_115brz8._.js:2431
[  253532ms] [LOG] [Fast Refresh] rebuilding @ http://localhost:3000/_next/static/chunks/node_modules_next_dist_115brz8._.js:2431
[  271434ms] [LOG] PortfolioPage holdings: 5 BTC,MSFT,ETH,SOL,BTC @ http://localhost:3000/_next/static/chunks/node_modules_next_dist_115brz8._.js:2431
[  271434ms] [LOG] PortfolioPage holdings: 5 BTC,MSFT,ETH,SOL,BTC @ http://localhost:3000/_next/static/chunks/node_modules_next_dist_115brz8._.js:2431
[  285228ms] [ERROR] Encountered two children with the same key, `%s`. Keys should be unique so that components maintain their identity across updates. Non-unique keys may cause children to be duplicated and/or omitted — the behavior is unsupported and could change in a future version. BTC @ http://localhost:3000/_next/static/chunks/node_modules_next_dist_115brz8._.js:3272
[  301336ms] [LOG] PortfolioPage holdings: 5 BTC,MSFT,ETH,SOL,BTC @ http://localhost:3000/_next/static/chunks/node_modules_next_dist_115brz8._.js:2431
[  301337ms] [LOG] PortfolioPage holdings: 5 BTC,MSFT,ETH,SOL,BTC @ http://localhost:3000/_next/static/chunks/node_modules_next_dist_115brz8._.js:2431
[  301440ms] [LOG] PortfolioPage holdings: 5 BTC,MSFT,ETH,SOL,BTC @ http://localhost:3000/_next/static/chunks/node_modules_next_dist_115brz8._.js:2431
[  301441ms] [LOG] PortfolioPage holdings: 5 BTC,MSFT,ETH,SOL,BTC @ http://localhost:3000/_next/static/chunks/node_modules_next_dist_115brz8._.js:2431
[  305741ms] [ERROR] Encountered two children with the same key, `%s`. Keys should be unique so that components maintain their identity across updates. Non-unique keys may cause children to be duplicated and/or omitted — the behavior is unsupported and could change in a future version. BTC @ http://localhost:3000/_next/static/chunks/node_modules_next_dist_115brz8._.js:3272
[  331449ms] [LOG] PortfolioPage holdings: 5 BTC,MSFT,ETH,SOL,BTC @ http://localhost:3000/_next/static/chunks/node_modules_next_dist_115brz8._.js:2431
[  331450ms] [LOG] PortfolioPage holdings: 5 BTC,MSFT,ETH,SOL,BTC @ http://localhost:3000/_next/static/chunks/node_modules_next_dist_115brz8._.js:2431
[  331456ms] [ERROR] Encountered two children with the same key, `%s`. Keys should be unique so that components maintain their identity across updates. Non-unique keys may cause children to be duplicated and/or omitted — the behavior is unsupported and could change in a future version. BTC @ http://localhost:3000/_next/static/chunks/node_modules_next_dist_115brz8._.js:3272
[  361359ms] [LOG] PortfolioPage holdings: 5 BTC,MSFT,ETH,SOL,BTC @ http://localhost:3000/_next/static/chunks/node_modules_next_dist_115brz8._.js:2431
[  361360ms] [LOG] PortfolioPage holdings: 5 BTC,MSFT,ETH,SOL,BTC @ http://localhost:3000/_next/static/chunks/node_modules_next_dist_115brz8._.js:2431
[  361367ms] [ERROR] Encountered two children with the same key, `%s`. Keys should be unique so that components maintain their identity across updates. Non-unique keys may cause children to be duplicated and/or omitted — the behavior is unsupported and could change in a future version. BTC @ http://localhost:3000/_next/static/chunks/node_modules_next_dist_115brz8._.js:3272
[  361454ms] [LOG] PortfolioPage holdings: 5 BTC,MSFT,ETH,SOL,BTC @ http://localhost:3000/_next/static/chunks/node_modules_next_dist_115brz8._.js:2431
[  361455ms] [LOG] PortfolioPage holdings: 5 BTC,MSFT,ETH,SOL,BTC @ http://localhost:3000/_next/static/chunks/node_modules_next_dist_115brz8._.js:2431
[  361460ms] [ERROR] Encountered two children with the same key, `%s`. Keys should be unique so that components maintain their identity across updates. Non-unique keys may cause children to be duplicated and/or omitted — the behavior is unsupported and could change in a future version. BTC @ http://localhost:3000/_next/static/chunks/node_modules_next_dist_115brz8._.js:3272
