[     275ms] [INFO] %cDownload the React DevTools for a better development experience: https://react.dev/link/react-devtools font-weight:bold @ http://localhost:3000/_next/static/chunks/node_modules_next_dist_115brz8._.js:2431
[     326ms] [LOG] [HMR] connected @ http://localhost:3000/_next/static/chunks/node_modules_next_dist_115brz8._.js:2431
[     444ms] [LOG] PortfolioPage holdings: 4 BTC,MSFT,ETH,SOL @ http://localhost:3000/_next/static/chunks/node_modules_next_dist_115brz8._.js:2431
[     445ms] [LOG] PortfolioPage holdings: 4 BTC,MSFT,ETH,SOL @ http://localhost:3000/_next/static/chunks/node_modules_next_dist_115brz8._.js:2431
[     462ms] [LOG] PortfolioPage holdings: 4 BTC,MSFT,ETH,SOL @ http://localhost:3000/_next/static/chunks/node_modules_next_dist_115brz8._.js:2431
[     466ms] [LOG] PortfolioPage holdings: 4 BTC,MSFT,ETH,SOL @ http://localhost:3000/_next/static/chunks/node_modules_next_dist_115brz8._.js:2431
[     643ms] [LOG] [Fast Refresh] rebuilding @ http://localhost:3000/_next/static/chunks/node_modules_next_dist_115brz8._.js:2431
[     644ms] [LOG] [Fast Refresh] done in 274ms @ http://localhost:3000/_next/static/chunks/node_modules_next_dist_115brz8._.js:2431
[     766ms] [LOG] [Fast Refresh] rebuilding @ http://localhost:3000/_next/static/chunks/node_modules_next_dist_115brz8._.js:2431
[     782ms] [LOG] [Fast Refresh] done in 119ms @ http://localhost:3000/_next/static/chunks/node_modules_next_dist_115brz8._.js:2431
[     851ms] [LOG] PortfolioPage holdings: 4 BTC,MSFT,ETH,SOL @ http://localhost:3000/_next/static/chunks/node_modules_next_dist_115brz8._.js:2431
[     853ms] [LOG] PortfolioPage holdings: 4 BTC,MSFT,ETH,SOL @ http://localhost:3000/_next/static/chunks/node_modules_next_dist_115brz8._.js:2431
[    1494ms] [LOG] PortfolioPage holdings: 4 BTC,MSFT,ETH,SOL @ http://localhost:3000/_next/static/chunks/node_modules_next_dist_115brz8._.js:2431
[    1495ms] [LOG] PortfolioPage holdings: 4 BTC,MSFT,ETH,SOL @ http://localhost:3000/_next/static/chunks/node_modules_next_dist_115brz8._.js:2431
[    3169ms] [LOG] [Fast Refresh] rebuilding @ http://localhost:3000/_next/static/chunks/node_modules_next_dist_115brz8._.js:2431
[    3236ms] [LOG] [Fast Refresh] done in 168ms @ http://localhost:3000/_next/static/chunks/node_modules_next_dist_115brz8._.js:2431
[    3740ms] [ERROR] Failed to load resource: the server responded with a status of 500 (Internal Server Error) @ http://localhost:3000/api/recommendations:0
[    5121ms] [ERROR] Failed to load resource: the server responded with a status of 500 (Internal Server Error) @ http://localhost:3000/api/recommendations:0
[    5236ms] [LOG] [Fast Refresh] rebuilding @ http://localhost:3000/_next/static/chunks/node_modules_next_dist_115brz8._.js:2431
[    5237ms] [LOG] [Fast Refresh] done in 109ms @ http://localhost:3000/_next/static/chunks/node_modules_next_dist_115brz8._.js:2431
[    7442ms] [LOG] [Fast Refresh] rebuilding @ http://localhost:3000/_next/static/chunks/node_modules_next_dist_115brz8._.js:2431
[    7443ms] [LOG] [Fast Refresh] done in 105ms @ http://localhost:3000/_next/static/chunks/node_modules_next_dist_115brz8._.js:2431
[   14951ms] [LOG] [Fast Refresh] rebuilding @ http://localhost:3000/_next/static/chunks/node_modules_next_dist_115brz8._.js:2431
[   14951ms] [LOG] [Fast Refresh] done in 103ms @ http://localhost:3000/_next/static/chunks/node_modules_next_dist_115brz8._.js:2431
[   61517ms] [LOG] PortfolioPage holdings: 4 BTC,MSFT,ETH,SOL @ http://localhost:3000/_next/static/chunks/node_modules_next_dist_115brz8._.js:2431
[   61518ms] [LOG] PortfolioPage holdings: 4 BTC,MSFT,ETH,SOL @ http://localhost:3000/_next/static/chunks/node_modules_next_dist_115brz8._.js:2431
[   91524ms] [LOG] PortfolioPage holdings: 4 BTC,MSFT,ETH,SOL @ http://localhost:3000/_next/static/chunks/node_modules_next_dist_115brz8._.js:2431
[   91525ms] [LOG] PortfolioPage holdings: 4 BTC,MSFT,ETH,SOL @ http://localhost:3000/_next/static/chunks/node_modules_next_dist_115brz8._.js:2431
[  120874ms] [LOG] PortfolioPage holdings: 4 BTC,MSFT,ETH,SOL @ http://localhost:3000/_next/static/chunks/node_modules_next_dist_115brz8._.js:2431
[  120875ms] [LOG] PortfolioPage holdings: 4 BTC,MSFT,ETH,SOL @ http://localhost:3000/_next/static/chunks/node_modules_next_dist_115brz8._.js:2431
[  121528ms] [LOG] PortfolioPage holdings: 4 BTC,MSFT,ETH,SOL @ http://localhost:3000/_next/static/chunks/node_modules_next_dist_115brz8._.js:2431
[  121529ms] [LOG] PortfolioPage holdings: 4 BTC,MSFT,ETH,SOL @ http://localhost:3000/_next/static/chunks/node_modules_next_dist_115brz8._.js:2431
[  151534ms] [LOG] PortfolioPage holdings: 4 BTC,MSFT,ETH,SOL @ http://localhost:3000/_next/static/chunks/node_modules_next_dist_115brz8._.js:2431
[  151536ms] [LOG] PortfolioPage holdings: 4 BTC,MSFT,ETH,SOL @ http://localhost:3000/_next/static/chunks/node_modules_next_dist_115brz8._.js:2431
[  180885ms] [LOG] PortfolioPage holdings: 4 BTC,MSFT,ETH,SOL @ http://localhost:3000/_next/static/chunks/node_modules_next_dist_115brz8._.js:2431
[  180885ms] [LOG] PortfolioPage holdings: 4 BTC,MSFT,ETH,SOL @ http://localhost:3000/_next/static/chunks/node_modules_next_dist_115brz8._.js:2431
[  181549ms] [LOG] PortfolioPage holdings: 4 BTC,MSFT,ETH,SOL @ http://localhost:3000/_next/static/chunks/node_modules_next_dist_115brz8._.js:2431
[  181550ms] [LOG] PortfolioPage holdings: 4 BTC,MSFT,ETH,SOL @ http://localhost:3000/_next/static/chunks/node_modules_next_dist_115brz8._.js:2431
[  211560ms] [LOG] PortfolioPage holdings: 4 BTC,MSFT,ETH,SOL @ http://localhost:3000/_next/static/chunks/node_modules_next_dist_115brz8._.js:2431
[  211561ms] [LOG] PortfolioPage holdings: 4 BTC,MSFT,ETH,SOL @ http://localhost:3000/_next/static/chunks/node_modules_next_dist_115brz8._.js:2431
[  240896ms] [LOG] PortfolioPage holdings: 4 BTC,MSFT,ETH,SOL @ http://localhost:3000/_next/static/chunks/node_modules_next_dist_115brz8._.js:2431
[  240897ms] [LOG] PortfolioPage holdings: 4 BTC,MSFT,ETH,SOL @ http://localhost:3000/_next/static/chunks/node_modules_next_dist_115brz8._.js:2431
[  241563ms] [LOG] PortfolioPage holdings: 4 BTC,MSFT,ETH,SOL @ http://localhost:3000/_next/static/chunks/node_modules_next_dist_115brz8._.js:2431
[  241564ms] [LOG] PortfolioPage holdings: 4 BTC,MSFT,ETH,SOL @ http://localhost:3000/_next/static/chunks/node_modules_next_dist_115brz8._.js:2431
[  271573ms] [LOG] PortfolioPage holdings: 4 BTC,MSFT,ETH,SOL @ http://localhost:3000/_next/static/chunks/node_modules_next_dist_115brz8._.js:2431
[  271574ms] [LOG] PortfolioPage holdings: 4 BTC,MSFT,ETH,SOL @ http://localhost:3000/_next/static/chunks/node_modules_next_dist_115brz8._.js:2431
[  300913ms] [LOG] PortfolioPage holdings: 4 BTC,MSFT,ETH,SOL @ http://localhost:3000/_next/static/chunks/node_modules_next_dist_115brz8._.js:2431
[  300914ms] [LOG] PortfolioPage holdings: 4 BTC,MSFT,ETH,SOL @ http://localhost:3000/_next/static/chunks/node_modules_next_dist_115brz8._.js:2431
[  301580ms] [LOG] PortfolioPage holdings: 4 BTC,MSFT,ETH,SOL @ http://localhost:3000/_next/static/chunks/node_modules_next_dist_115brz8._.js:2431
[  301581ms] [LOG] PortfolioPage holdings: 4 BTC,MSFT,ETH,SOL @ http://localhost:3000/_next/static/chunks/node_modules_next_dist_115brz8._.js:2431
[  331592ms] [LOG] PortfolioPage holdings: 4 BTC,MSFT,ETH,SOL @ http://localhost:3000/_next/static/chunks/node_modules_next_dist_115brz8._.js:2431
[  331593ms] [LOG] PortfolioPage holdings: 4 BTC,MSFT,ETH,SOL @ http://localhost:3000/_next/static/chunks/node_modules_next_dist_115brz8._.js:2431
[  360925ms] [LOG] PortfolioPage holdings: 4 BTC,MSFT,ETH,SOL @ http://localhost:3000/_next/static/chunks/node_modules_next_dist_115brz8._.js:2431
[  360927ms] [LOG] PortfolioPage holdings: 4 BTC,MSFT,ETH,SOL @ http://localhost:3000/_next/static/chunks/node_modules_next_dist_115brz8._.js:2431
[  361606ms] [LOG] PortfolioPage holdings: 4 BTC,MSFT,ETH,SOL @ http://localhost:3000/_next/static/chunks/node_modules_next_dist_115brz8._.js:2431
[  361607ms] [LOG] PortfolioPage holdings: 4 BTC,MSFT,ETH,SOL @ http://localhost:3000/_next/static/chunks/node_modules_next_dist_115brz8._.js:2431
[  391622ms] [LOG] PortfolioPage holdings: 4 BTC,MSFT,ETH,SOL @ http://localhost:3000/_next/static/chunks/node_modules_next_dist_115brz8._.js:2431
[  391623ms] [LOG] PortfolioPage holdings: 4 BTC,MSFT,ETH,SOL @ http://localhost:3000/_next/static/chunks/node_modules_next_dist_115brz8._.js:2431
[  420932ms] [LOG] PortfolioPage holdings: 4 BTC,MSFT,ETH,SOL @ http://localhost:3000/_next/static/chunks/node_modules_next_dist_115brz8._.js:2431
[  420933ms] [LOG] PortfolioPage holdings: 4 BTC,MSFT,ETH,SOL @ http://localhost:3000/_next/static/chunks/node_modules_next_dist_115brz8._.js:2431
[  421628ms] [LOG] PortfolioPage holdings: 4 BTC,MSFT,ETH,SOL @ http://localhost:3000/_next/static/chunks/node_modules_next_dist_115brz8._.js:2431
[  421629ms] [LOG] PortfolioPage holdings: 4 BTC,MSFT,ETH,SOL @ http://localhost:3000/_next/static/chunks/node_modules_next_dist_115brz8._.js:2431
[  451636ms] [LOG] PortfolioPage holdings: 4 BTC,MSFT,ETH,SOL @ http://localhost:3000/_next/static/chunks/node_modules_next_dist_115brz8._.js:2431
[  451637ms] [LOG] PortfolioPage holdings: 4 BTC,MSFT,ETH,SOL @ http://localhost:3000/_next/static/chunks/node_modules_next_dist_115brz8._.js:2431
[  474797ms] [LOG] [Fast Refresh] rebuilding @ http://localhost:3000/_next/static/chunks/node_modules_next_dist_115brz8._.js:2431
[  474803ms] [LOG] [Fast Refresh] done in 109ms @ http://localhost:3000/_next/static/chunks/node_modules_next_dist_115brz8._.js:2431
[  480937ms] [LOG] PortfolioPage holdings: 4 BTC,MSFT,ETH,SOL @ http://localhost:3000/_next/static/chunks/node_modules_next_dist_115brz8._.js:2431
[  480938ms] [LOG] PortfolioPage holdings: 4 BTC,MSFT,ETH,SOL @ http://localhost:3000/_next/static/chunks/node_modules_next_dist_115brz8._.js:2431
[  481648ms] [LOG] PortfolioPage holdings: 4 BTC,MSFT,ETH,SOL @ http://localhost:3000/_next/static/chunks/node_modules_next_dist_115brz8._.js:2431
[  481649ms] [LOG] PortfolioPage holdings: 4 BTC,MSFT,ETH,SOL @ http://localhost:3000/_next/static/chunks/node_modules_next_dist_115brz8._.js:2431
[  511652ms] [LOG] PortfolioPage holdings: 4 BTC,MSFT,ETH,SOL @ http://localhost:3000/_next/static/chunks/node_modules_next_dist_115brz8._.js:2431
[  511653ms] [LOG] PortfolioPage holdings: 4 BTC,MSFT,ETH,SOL @ http://localhost:3000/_next/static/chunks/node_modules_next_dist_115brz8._.js:2431
[  540947ms] [LOG] PortfolioPage holdings: 4 BTC,MSFT,ETH,SOL @ http://localhost:3000/_next/static/chunks/node_modules_next_dist_115brz8._.js:2431
[  540948ms] [LOG] PortfolioPage holdings: 4 BTC,MSFT,ETH,SOL @ http://localhost:3000/_next/static/chunks/node_modules_next_dist_115brz8._.js:2431
[  541658ms] [LOG] PortfolioPage holdings: 4 BTC,MSFT,ETH,SOL @ http://localhost:3000/_next/static/chunks/node_modules_next_dist_115brz8._.js:2431
[  541659ms] [LOG] PortfolioPage holdings: 4 BTC,MSFT,ETH,SOL @ http://localhost:3000/_next/static/chunks/node_modules_next_dist_115brz8._.js:2431
[  571665ms] [LOG] PortfolioPage holdings: 4 BTC,MSFT,ETH,SOL @ http://localhost:3000/_next/static/chunks/node_modules_next_dist_115brz8._.js:2431
[  571666ms] [LOG] PortfolioPage holdings: 4 BTC,MSFT,ETH,SOL @ http://localhost:3000/_next/static/chunks/node_modules_next_dist_115brz8._.js:2431
[  600964ms] [LOG] PortfolioPage holdings: 4 BTC,MSFT,ETH,SOL @ http://localhost:3000/_next/static/chunks/node_modules_next_dist_115brz8._.js:2431
[  600965ms] [LOG] PortfolioPage holdings: 4 BTC,MSFT,ETH,SOL @ http://localhost:3000/_next/static/chunks/node_modules_next_dist_115brz8._.js:2431
[  601676ms] [LOG] PortfolioPage holdings: 4 BTC,MSFT,ETH,SOL @ http://localhost:3000/_next/static/chunks/node_modules_next_dist_115brz8._.js:2431
[  601677ms] [LOG] PortfolioPage holdings: 4 BTC,MSFT,ETH,SOL @ http://localhost:3000/_next/static/chunks/node_modules_next_dist_115brz8._.js:2431
[  631687ms] [LOG] PortfolioPage holdings: 4 BTC,MSFT,ETH,SOL @ http://localhost:3000/_next/static/chunks/node_modules_next_dist_115brz8._.js:2431
[  631687ms] [LOG] PortfolioPage holdings: 4 BTC,MSFT,ETH,SOL @ http://localhost:3000/_next/static/chunks/node_modules_next_dist_115brz8._.js:2431
[  660975ms] [LOG] PortfolioPage holdings: 4 BTC,MSFT,ETH,SOL @ http://localhost:3000/_next/static/chunks/node_modules_next_dist_115brz8._.js:2431
[  660976ms] [LOG] PortfolioPage holdings: 4 BTC,MSFT,ETH,SOL @ http://localhost:3000/_next/static/chunks/node_modules_next_dist_115brz8._.js:2431
[  661693ms] [LOG] PortfolioPage holdings: 4 BTC,MSFT,ETH,SOL @ http://localhost:3000/_next/static/chunks/node_modules_next_dist_115brz8._.js:2431
[  661695ms] [LOG] PortfolioPage holdings: 4 BTC,MSFT,ETH,SOL @ http://localhost:3000/_next/static/chunks/node_modules_next_dist_115brz8._.js:2431
[  691708ms] [LOG] PortfolioPage holdings: 4 BTC,MSFT,ETH,SOL @ http://localhost:3000/_next/static/chunks/node_modules_next_dist_115brz8._.js:2431
[  691709ms] [LOG] PortfolioPage holdings: 4 BTC,MSFT,ETH,SOL @ http://localhost:3000/_next/static/chunks/node_modules_next_dist_115brz8._.js:2431
[  720981ms] [LOG] PortfolioPage holdings: 4 BTC,MSFT,ETH,SOL @ http://localhost:3000/_next/static/chunks/node_modules_next_dist_115brz8._.js:2431
[  720982ms] [LOG] PortfolioPage holdings: 4 BTC,MSFT,ETH,SOL @ http://localhost:3000/_next/static/chunks/node_modules_next_dist_115brz8._.js:2431
[  721721ms] [LOG] PortfolioPage holdings: 4 BTC,MSFT,ETH,SOL @ http://localhost:3000/_next/static/chunks/node_modules_next_dist_115brz8._.js:2431
[  721721ms] [LOG] PortfolioPage holdings: 4 BTC,MSFT,ETH,SOL @ http://localhost:3000/_next/static/chunks/node_modules_next_dist_115brz8._.js:2431
[  740171ms] [LOG] [Fast Refresh] rebuilding @ http://localhost:3000/_next/static/chunks/node_modules_next_dist_115brz8._.js:2431
[  740172ms] [LOG] [Fast Refresh] done in 114ms @ http://localhost:3000/_next/static/chunks/node_modules_next_dist_115brz8._.js:2431
[  751736ms] [LOG] PortfolioPage holdings: 4 BTC,MSFT,ETH,SOL @ http://localhost:3000/_next/static/chunks/node_modules_next_dist_115brz8._.js:2431
[  751737ms] [LOG] PortfolioPage holdings: 4 BTC,MSFT,ETH,SOL @ http://localhost:3000/_next/static/chunks/node_modules_next_dist_115brz8._.js:2431
[  753883ms] [LOG] [Fast Refresh] rebuilding @ http://localhost:3000/_next/static/chunks/node_modules_next_dist_115brz8._.js:2431
[  753944ms] [LOG] [Fast Refresh] done in 176ms @ http://localhost:3000/_next/static/chunks/node_modules_next_dist_115brz8._.js:2431
[  761891ms] [LOG] [Fast Refresh] rebuilding @ http://localhost:3000/_next/static/chunks/node_modules_next_dist_115brz8._.js:2431
[  763849ms] [LOG] [Fast Refresh] done in 2052ms @ http://localhost:3000/_next/static/chunks/node_modules_next_dist_115brz8._.js:2431
[  763984ms] [LOG] [Fast Refresh] rebuilding @ http://localhost:3000/_next/static/chunks/node_modules_next_dist_115brz8._.js:2431
[  764193ms] [LOG] [Fast Refresh] done in 316ms @ http://localhost:3000/_next/static/chunks/node_modules_next_dist_115brz8._.js:2431
[  764341ms] [LOG] PortfolioPage holdings: 4 BTC,MSFT,ETH,SOL @ http://localhost:3000/_next/static/chunks/node_modules_next_dist_115brz8._.js:2431
[  764342ms] [LOG] PortfolioPage holdings: 4 BTC,MSFT,ETH,SOL @ http://localhost:3000/_next/static/chunks/node_modules_next_dist_115brz8._.js:2431
[  767008ms] [LOG] [Fast Refresh] rebuilding @ http://localhost:3000/_next/static/chunks/node_modules_next_dist_115brz8._.js:2431
[  767553ms] [LOG] [Fast Refresh] done in 650ms @ http://localhost:3000/_next/static/chunks/node_modules_next_dist_115brz8._.js:2431
[  774360ms] [LOG] [Fast Refresh] rebuilding @ http://localhost:3000/_next/static/chunks/node_modules_next_dist_115brz8._.js:2431
[  775685ms] [LOG] [Fast Refresh] done in 1437ms @ http://localhost:3000/_next/static/chunks/node_modules_next_dist_115brz8._.js:2431
[  775816ms] [LOG] [Fast Refresh] rebuilding @ http://localhost:3000/_next/static/chunks/node_modules_next_dist_115brz8._.js:2431
[  775892ms] [LOG] [Fast Refresh] done in 178ms @ http://localhost:3000/_next/static/chunks/node_modules_next_dist_115brz8._.js:2431
[  776094ms] [LOG] [Fast Refresh] rebuilding @ http://localhost:3000/_next/static/chunks/node_modules_next_dist_115brz8._.js:2431
[  776218ms] [LOG] [Fast Refresh] done in 228ms @ http://localhost:3000/_next/static/chunks/node_modules_next_dist_115brz8._.js:2431
[  776600ms] [LOG] [Fast Refresh] rebuilding @ http://localhost:3000/_next/static/chunks/node_modules_next_dist_115brz8._.js:2431
[  776708ms] [LOG] [Fast Refresh] done in 208ms @ http://localhost:3000/_next/static/chunks/node_modules_next_dist_115brz8._.js:2431
[  777200ms] [LOG] [Fast Refresh] rebuilding @ http://localhost:3000/_next/static/chunks/node_modules_next_dist_115brz8._.js:2431
[  777240ms] [LOG] [Fast Refresh] done in 149ms @ http://localhost:3000/_next/static/chunks/node_modules_next_dist_115brz8._.js:2431
[  777349ms] [LOG] [Fast Refresh] rebuilding @ http://localhost:3000/_next/static/chunks/node_modules_next_dist_115brz8._.js:2431
[  777371ms] [LOG] [Fast Refresh] done in 131ms @ http://localhost:3000/_next/static/chunks/node_modules_next_dist_115brz8._.js:2431
[  777666ms] [LOG] [Fast Refresh] rebuilding @ http://localhost:3000/_next/static/chunks/node_modules_next_dist_115brz8._.js:2431
[  777721ms] [LOG] [Fast Refresh] done in 163ms @ http://localhost:3000/_next/static/chunks/node_modules_next_dist_115brz8._.js:2431
[  778132ms] [LOG] [Fast Refresh] rebuilding @ http://localhost:3000/_next/static/chunks/node_modules_next_dist_115brz8._.js:2431
[  778213ms] [LOG] [Fast Refresh] done in 185ms @ http://localhost:3000/_next/static/chunks/node_modules_next_dist_115brz8._.js:2431
[  778328ms] [LOG] PortfolioPage holdings: 4 BTC,MSFT,ETH,SOL @ http://localhost:3000/_next/static/chunks/node_modules_next_dist_115brz8._.js:2431
[  778329ms] [LOG] PortfolioPage holdings: 4 BTC,MSFT,ETH,SOL @ http://localhost:3000/_next/static/chunks/node_modules_next_dist_115brz8._.js:2431
[  780991ms] [LOG] PortfolioPage holdings: 4 BTC,MSFT,ETH,SOL @ http://localhost:3000/_next/static/chunks/node_modules_next_dist_115brz8._.js:2431
[  780992ms] [LOG] PortfolioPage holdings: 4 BTC,MSFT,ETH,SOL @ http://localhost:3000/_next/static/chunks/node_modules_next_dist_115brz8._.js:2431
[  781125ms] [LOG] [Fast Refresh] rebuilding @ http://localhost:3000/_next/static/chunks/node_modules_next_dist_115brz8._.js:2431
[  781751ms] [LOG] PortfolioPage holdings: 4 BTC,MSFT,ETH,SOL @ http://localhost:3000/_next/static/chunks/node_modules_next_dist_115brz8._.js:2431
[  781752ms] [LOG] PortfolioPage holdings: 4 BTC,MSFT,ETH,SOL @ http://localhost:3000/_next/static/chunks/node_modules_next_dist_115brz8._.js:2431
[  785257ms] [LOG] [Fast Refresh] done in 4246ms @ http://localhost:3000/_next/static/chunks/node_modules_next_dist_115brz8._.js:2431
[  785412ms] [LOG] [Fast Refresh] rebuilding @ http://localhost:3000/_next/static/chunks/node_modules_next_dist_115brz8._.js:2431
[  786603ms] [LOG] [Fast Refresh] done in 1302ms @ http://localhost:3000/_next/static/chunks/node_modules_next_dist_115brz8._.js:2431
[  786716ms] [LOG] [Fast Refresh] rebuilding @ http://localhost:3000/_next/static/chunks/node_modules_next_dist_115brz8._.js:2431
[  786778ms] [LOG] [Fast Refresh] done in 165ms @ http://localhost:3000/_next/static/chunks/node_modules_next_dist_115brz8._.js:2431
[  811763ms] [LOG] PortfolioPage holdings: 4 BTC,MSFT,ETH,SOL @ http://localhost:3000/_next/static/chunks/node_modules_next_dist_115brz8._.js:2431
[  811764ms] [LOG] PortfolioPage holdings: 4 BTC,MSFT,ETH,SOL @ http://localhost:3000/_next/static/chunks/node_modules_next_dist_115brz8._.js:2431
[  817936ms] [LOG] [Fast Refresh] rebuilding @ http://localhost:3000/_next/static/chunks/node_modules_next_dist_115brz8._.js:2431
[  818245ms] [LOG] [Fast Refresh] done in 398ms @ http://localhost:3000/_next/static/chunks/node_modules_next_dist_115brz8._.js:2431
[  818348ms] [LOG] [Fast Refresh] rebuilding @ http://localhost:3000/_next/static/chunks/node_modules_next_dist_115brz8._.js:2431
[  818529ms] [LOG] [Fast Refresh] done in 284ms @ http://localhost:3000/_next/static/chunks/node_modules_next_dist_115brz8._.js:2431
[  818634ms] [LOG] PortfolioPage holdings: 4 BTC,MSFT,ETH,SOL @ http://localhost:3000/_next/static/chunks/node_modules_next_dist_115brz8._.js:2431
[  818636ms] [LOG] PortfolioPage holdings: 4 BTC,MSFT,ETH,SOL @ http://localhost:3000/_next/static/chunks/node_modules_next_dist_115brz8._.js:2431
[  840997ms] [LOG] PortfolioPage holdings: 4 BTC,MSFT,ETH,SOL @ http://localhost:3000/_next/static/chunks/node_modules_next_dist_115brz8._.js:2431
[  840998ms] [LOG] PortfolioPage holdings: 4 BTC,MSFT,ETH,SOL @ http://localhost:3000/_next/static/chunks/node_modules_next_dist_115brz8._.js:2431
[  841779ms] [LOG] PortfolioPage holdings: 4 BTC,MSFT,ETH,SOL @ http://localhost:3000/_next/static/chunks/node_modules_next_dist_115brz8._.js:2431
[  841780ms] [LOG] PortfolioPage holdings: 4 BTC,MSFT,ETH,SOL @ http://localhost:3000/_next/static/chunks/node_modules_next_dist_115brz8._.js:2431
