[     142ms] [LOG] [Fast Refresh] rebuilding @ http://localhost:3000/_next/static/chunks/node_modules_next_dist_115brz8._.js:2431
[    8465ms] [LOG] [Fast Refresh] done in 8436ms @ http://localhost:3000/_next/static/chunks/node_modules_next_dist_115brz8._.js:2431
[    9361ms] [INFO] %cDownload the React DevTools for a better development experience: https://react.dev/link/react-devtools font-weight:bold @ http://localhost:3000/_next/static/chunks/node_modules_next_dist_115brz8._.js:2431
[    9389ms] [LOG] [HMR] connected @ http://localhost:3000/_next/static/chunks/node_modules_next_dist_115brz8._.js:2431
[    9545ms] [LOG] [Fast Refresh] rebuilding @ http://localhost:3000/_next/static/chunks/node_modules_next_dist_115brz8._.js:2431
[    9553ms] [LOG] [Fast Refresh] done in 122ms @ http://localhost:3000/_next/static/chunks/node_modules_next_dist_115brz8._.js:2431
[    9669ms] [LOG] [Fast Refresh] rebuilding @ http://localhost:3000/_next/static/chunks/node_modules_next_dist_115brz8._.js:2431
[    9897ms] [LOG] [Fast Refresh] done in 344ms @ http://localhost:3000/_next/static/chunks/node_modules_next_dist_115brz8._.js:2431
[   10312ms] [ERROR] Failed to load resource: the server responded with a status of 500 (Internal Server Error) @ http://localhost:3000/api/stocks/indicator?symbol=AAPL&resolution=D&from=1776149637&to=1778741637&indicator=sma&timeperiod=50:0
[   10316ms] [ERROR] Failed to load resource: the server responded with a status of 500 (Internal Server Error) @ http://localhost:3000/api/stocks/indicator?symbol=AAPL&resolution=D&from=1776149637&to=1778741637&indicator=sma&timeperiod=20:0
[   10337ms] [ERROR] Failed to load resource: the server responded with a status of 500 (Internal Server Error) @ http://localhost:3000/api/stocks/indicator?symbol=AAPL&resolution=D&from=1776149637&to=1778741637&indicator=rsi&timeperiod=14:0
[   10427ms] [LOG] [Fast Refresh] rebuilding @ http://localhost:3000/_next/static/chunks/node_modules_next_dist_115brz8._.js:2431
[   10562ms] [LOG] [Fast Refresh] done in 243ms @ http://localhost:3000/_next/static/chunks/node_modules_next_dist_115brz8._.js:2431
[   10762ms] [ERROR] Failed to load resource: the server responded with a status of 500 (Internal Server Error) @ http://localhost:3000/api/stocks/candle?symbol=AAPL&resolution=D&from=1776149637&to=1778741637:0
[   11846ms] [ERROR] Failed to load resource: the server responded with a status of 500 (Internal Server Error) @ http://localhost:3000/api/stocks/indicator?symbol=AAPL&resolution=D&from=1776149637&to=1778741637&indicator=sma&timeperiod=20:0
[   11854ms] [ERROR] Failed to load resource: the server responded with a status of 500 (Internal Server Error) @ http://localhost:3000/api/stocks/indicator?symbol=AAPL&resolution=D&from=1776149637&to=1778741637&indicator=rsi&timeperiod=14:0
[   11877ms] [ERROR] Failed to load resource: the server responded with a status of 500 (Internal Server Error) @ http://localhost:3000/api/stocks/indicator?symbol=AAPL&resolution=D&from=1776149637&to=1778741637&indicator=sma&timeperiod=50:0
[   12410ms] [ERROR] Failed to load resource: the server responded with a status of 500 (Internal Server Error) @ http://localhost:3000/api/stocks/candle?symbol=AAPL&resolution=D&from=1776149637&to=1778741637:0
[   12411ms] [ERROR] Failed to load resource: the server responded with a status of 500 (Internal Server Error) @ http://localhost:3000/api/stocks/indicator?symbol=AAPL&resolution=D&from=1776149640&to=1778741640&indicator=rsi&timeperiod=14:0
[   12600ms] [ERROR] Failed to load resource: the server responded with a status of 500 (Internal Server Error) @ http://localhost:3000/api/stocks/indicator?symbol=AAPL&resolution=D&from=1776149640&to=1778741640&indicator=sma&timeperiod=20:0
[   12609ms] [ERROR] Failed to load resource: the server responded with a status of 500 (Internal Server Error) @ http://localhost:3000/api/stocks/indicator?symbol=AAPL&resolution=D&from=1776149640&to=1778741640&indicator=sma&timeperiod=50:0
[   12791ms] [ERROR] Failed to load resource: the server responded with a status of 500 (Internal Server Error) @ http://localhost:3000/api/stocks/candle?symbol=AAPL&resolution=D&from=1776149640&to=1778741640:0
[   13712ms] [ERROR] Failed to load resource: the server responded with a status of 500 (Internal Server Error) @ http://localhost:3000/api/stocks/indicator?symbol=AAPL&resolution=D&from=1776149640&to=1778741640&indicator=rsi&timeperiod=14:0
[   13899ms] [ERROR] Failed to load resource: the server responded with a status of 500 (Internal Server Error) @ http://localhost:3000/api/stocks/indicator?symbol=AAPL&resolution=D&from=1776149640&to=1778741640&indicator=sma&timeperiod=20:0
[   13908ms] [ERROR] Failed to load resource: the server responded with a status of 500 (Internal Server Error) @ http://localhost:3000/api/stocks/indicator?symbol=AAPL&resolution=D&from=1776149640&to=1778741640&indicator=sma&timeperiod=50:0
[   14009ms] [ERROR] Failed to load resource: the server responded with a status of 500 (Internal Server Error) @ http://localhost:3000/api/stocks/indicator?symbol=AAPL&resolution=D&from=1776149641&to=1778741641&indicator=sma&timeperiod=50:0
[   14011ms] [ERROR] Failed to load resource: the server responded with a status of 500 (Internal Server Error) @ http://localhost:3000/api/stocks/indicator?symbol=AAPL&resolution=D&from=1776149641&to=1778741641&indicator=rsi&timeperiod=14:0
[   14015ms] [ERROR] Failed to load resource: the server responded with a status of 500 (Internal Server Error) @ http://localhost:3000/api/stocks/indicator?symbol=AAPL&resolution=D&from=1776149641&to=1778741641&indicator=sma&timeperiod=20:0
[   14107ms] [ERROR] Failed to load resource: the server responded with a status of 500 (Internal Server Error) @ http://localhost:3000/api/stocks/candle?symbol=AAPL&resolution=D&from=1776149640&to=1778741640:0
[   14400ms] [ERROR] Failed to load resource: the server responded with a status of 500 (Internal Server Error) @ http://localhost:3000/api/stocks/candle?symbol=AAPL&resolution=D&from=1776149642&to=1778741642:0
[   15346ms] [ERROR] Failed to load resource: the server responded with a status of 500 (Internal Server Error) @ http://localhost:3000/api/stocks/indicator?symbol=AAPL&resolution=D&from=1776149641&to=1778741641&indicator=sma&timeperiod=20:0
[   15351ms] [ERROR] Failed to load resource: the server responded with a status of 500 (Internal Server Error) @ http://localhost:3000/api/stocks/indicator?symbol=AAPL&resolution=D&from=1776149641&to=1778741641&indicator=sma&timeperiod=50:0
[   15355ms] [ERROR] Failed to load resource: the server responded with a status of 500 (Internal Server Error) @ http://localhost:3000/api/stocks/indicator?symbol=AAPL&resolution=D&from=1776149641&to=1778741641&indicator=rsi&timeperiod=14:0
[   15658ms] [ERROR] Failed to load resource: the server responded with a status of 500 (Internal Server Error) @ http://localhost:3000/api/stocks/indicator?symbol=AAPL&resolution=D&from=1776149643&to=1778741643&indicator=rsi&timeperiod=14:0
[   15661ms] [ERROR] Failed to load resource: the server responded with a status of 500 (Internal Server Error) @ http://localhost:3000/api/stocks/indicator?symbol=AAPL&resolution=D&from=1776149643&to=1778741643&indicator=sma&timeperiod=20:0
[   15680ms] [ERROR] Failed to load resource: the server responded with a status of 500 (Internal Server Error) @ http://localhost:3000/api/stocks/indicator?symbol=AAPL&resolution=D&from=1776149643&to=1778741643&indicator=sma&timeperiod=50:0
[   15734ms] [ERROR] Failed to load resource: the server responded with a status of 500 (Internal Server Error) @ http://localhost:3000/api/stocks/candle?symbol=AAPL&resolution=D&from=1776149642&to=1778741642:0
[   16032ms] [ERROR] Failed to load resource: the server responded with a status of 500 (Internal Server Error) @ http://localhost:3000/api/stocks/candle?symbol=AAPL&resolution=D&from=1776149643&to=1778741643:0
[   16962ms] [ERROR] Failed to load resource: the server responded with a status of 500 (Internal Server Error) @ http://localhost:3000/api/stocks/indicator?symbol=AAPL&resolution=D&from=1776149643&to=1778741643&indicator=sma&timeperiod=20:0
[   16966ms] [ERROR] Failed to load resource: the server responded with a status of 500 (Internal Server Error) @ http://localhost:3000/api/stocks/indicator?symbol=AAPL&resolution=D&from=1776149643&to=1778741643&indicator=rsi&timeperiod=14:0
[   16968ms] [ERROR] Failed to load resource: the server responded with a status of 500 (Internal Server Error) @ http://localhost:3000/api/stocks/indicator?symbol=AAPL&resolution=D&from=1776149643&to=1778741643&indicator=sma&timeperiod=50:0
[   17262ms] [ERROR] Failed to load resource: the server responded with a status of 500 (Internal Server Error) @ http://localhost:3000/api/stocks/indicator?symbol=AAPL&resolution=D&from=1776149645&to=1778741645&indicator=rsi&timeperiod=14:0
[   17270ms] [ERROR] Failed to load resource: the server responded with a status of 500 (Internal Server Error) @ http://localhost:3000/api/stocks/indicator?symbol=AAPL&resolution=D&from=1776149645&to=1778741645&indicator=sma&timeperiod=50:0
[   17273ms] [ERROR] Failed to load resource: the server responded with a status of 500 (Internal Server Error) @ http://localhost:3000/api/stocks/indicator?symbol=AAPL&resolution=D&from=1776149645&to=1778741645&indicator=sma&timeperiod=20:0
[   17331ms] [ERROR] Failed to load resource: the server responded with a status of 500 (Internal Server Error) @ http://localhost:3000/api/stocks/candle?symbol=AAPL&resolution=D&from=1776149643&to=1778741643:0
[   17618ms] [ERROR] Failed to load resource: the server responded with a status of 500 (Internal Server Error) @ http://localhost:3000/api/stocks/candle?symbol=AAPL&resolution=D&from=1776149645&to=1778741645:0
[   18571ms] [ERROR] Failed to load resource: the server responded with a status of 500 (Internal Server Error) @ http://localhost:3000/api/stocks/indicator?symbol=AAPL&resolution=D&from=1776149645&to=1778741645&indicator=sma&timeperiod=20:0
[   18589ms] [ERROR] Failed to load resource: the server responded with a status of 500 (Internal Server Error) @ http://localhost:3000/api/stocks/indicator?symbol=AAPL&resolution=D&from=1776149645&to=1778741645&indicator=rsi&timeperiod=14:0
[   18593ms] [ERROR] Failed to load resource: the server responded with a status of 500 (Internal Server Error) @ http://localhost:3000/api/stocks/indicator?symbol=AAPL&resolution=D&from=1776149645&to=1778741645&indicator=sma&timeperiod=50:0
[   18891ms] [ERROR] Failed to load resource: the server responded with a status of 500 (Internal Server Error) @ http://localhost:3000/api/stocks/indicator?symbol=AAPL&resolution=D&from=1776149646&to=1778741646&indicator=rsi&timeperiod=14:0
[   18895ms] [ERROR] Failed to load resource: the server responded with a status of 500 (Internal Server Error) @ http://localhost:3000/api/stocks/indicator?symbol=AAPL&resolution=D&from=1776149646&to=1778741646&indicator=sma&timeperiod=20:0
[   18933ms] [ERROR] Failed to load resource: the server responded with a status of 500 (Internal Server Error) @ http://localhost:3000/api/stocks/candle?symbol=AAPL&resolution=D&from=1776149645&to=1778741645:0
[   18938ms] [ERROR] Failed to load resource: the server responded with a status of 500 (Internal Server Error) @ http://localhost:3000/api/stocks/indicator?symbol=AAPL&resolution=D&from=1776149646&to=1778741646&indicator=sma&timeperiod=50:0
[   19251ms] [ERROR] Failed to load resource: the server responded with a status of 500 (Internal Server Error) @ http://localhost:3000/api/stocks/candle?symbol=AAPL&resolution=D&from=1776149647&to=1778741647:0
[   20185ms] [ERROR] Failed to load resource: the server responded with a status of 500 (Internal Server Error) @ http://localhost:3000/api/stocks/indicator?symbol=AAPL&resolution=D&from=1776149646&to=1778741646&indicator=rsi&timeperiod=14:0
[   20194ms] [ERROR] Failed to load resource: the server responded with a status of 500 (Internal Server Error) @ http://localhost:3000/api/stocks/indicator?symbol=AAPL&resolution=D&from=1776149646&to=1778741646&indicator=sma&timeperiod=20:0
[   20228ms] [ERROR] Failed to load resource: the server responded with a status of 500 (Internal Server Error) @ http://localhost:3000/api/stocks/indicator?symbol=AAPL&resolution=D&from=1776149646&to=1778741646&indicator=sma&timeperiod=50:0
[   20486ms] [ERROR] Failed to load resource: the server responded with a status of 500 (Internal Server Error) @ http://localhost:3000/api/stocks/indicator?symbol=AAPL&resolution=D&from=1776149648&to=1778741648&indicator=rsi&timeperiod=14:0
[   20488ms] [ERROR] Failed to load resource: the server responded with a status of 500 (Internal Server Error) @ http://localhost:3000/api/stocks/indicator?symbol=AAPL&resolution=D&from=1776149648&to=1778741648&indicator=sma&timeperiod=20:0
[   20491ms] [ERROR] Failed to load resource: the server responded with a status of 500 (Internal Server Error) @ http://localhost:3000/api/stocks/indicator?symbol=AAPL&resolution=D&from=1776149648&to=1778741648&indicator=sma&timeperiod=50:0
[   20553ms] [ERROR] Failed to load resource: the server responded with a status of 500 (Internal Server Error) @ http://localhost:3000/api/stocks/candle?symbol=AAPL&resolution=D&from=1776149647&to=1778741647:0
[   20840ms] [ERROR] Failed to load resource: the server responded with a status of 500 (Internal Server Error) @ http://localhost:3000/api/stocks/candle?symbol=AAPL&resolution=D&from=1776149648&to=1778741648:0
[   21807ms] [ERROR] Failed to load resource: the server responded with a status of 500 (Internal Server Error) @ http://localhost:3000/api/stocks/indicator?symbol=AAPL&resolution=D&from=1776149648&to=1778741648&indicator=sma&timeperiod=50:0
[   21826ms] [ERROR] Failed to load resource: the server responded with a status of 500 (Internal Server Error) @ http://localhost:3000/api/stocks/indicator?symbol=AAPL&resolution=D&from=1776149648&to=1778741648&indicator=rsi&timeperiod=14:0
[   21838ms] [ERROR] Failed to load resource: the server responded with a status of 500 (Internal Server Error) @ http://localhost:3000/api/stocks/indicator?symbol=AAPL&resolution=D&from=1776149648&to=1778741648&indicator=sma&timeperiod=20:0
[   22108ms] [ERROR] Failed to load resource: the server responded with a status of 500 (Internal Server Error) @ http://localhost:3000/api/stocks/indicator?symbol=AAPL&resolution=D&from=1776149649&to=1778741649&indicator=sma&timeperiod=20:0
[   22115ms] [ERROR] Failed to load resource: the server responded with a status of 500 (Internal Server Error) @ http://localhost:3000/api/stocks/indicator?symbol=AAPL&resolution=D&from=1776149649&to=1778741649&indicator=rsi&timeperiod=14:0
[   22135ms] [ERROR] Failed to load resource: the server responded with a status of 500 (Internal Server Error) @ http://localhost:3000/api/stocks/indicator?symbol=AAPL&resolution=D&from=1776149649&to=1778741649&indicator=sma&timeperiod=50:0
[   22178ms] [ERROR] Failed to load resource: the server responded with a status of 500 (Internal Server Error) @ http://localhost:3000/api/stocks/candle?symbol=AAPL&resolution=D&from=1776149648&to=1778741648:0
[   22223ms] [LOG] [Fast Refresh] rebuilding @ http://localhost:3000/_next/static/chunks/node_modules_next_dist_115brz8._.js:2431
[   22239ms] [LOG] [Fast Refresh] done in 117ms @ http://localhost:3000/_next/static/chunks/node_modules_next_dist_115brz8._.js:2431
[   22467ms] [ERROR] Failed to load resource: the server responded with a status of 500 (Internal Server Error) @ http://localhost:3000/api/stocks/candle?symbol=AAPL&resolution=D&from=1776149650&to=1778741650:0
[   23401ms] [ERROR] Failed to load resource: the server responded with a status of 500 (Internal Server Error) @ http://localhost:3000/api/stocks/indicator?symbol=AAPL&resolution=D&from=1776149649&to=1778741649&indicator=sma&timeperiod=20:0
[   23406ms] [ERROR] Failed to load resource: the server responded with a status of 500 (Internal Server Error) @ http://localhost:3000/api/stocks/indicator?symbol=AAPL&resolution=D&from=1776149649&to=1778741649&indicator=rsi&timeperiod=14:0
[   23428ms] [ERROR] Failed to load resource: the server responded with a status of 500 (Internal Server Error) @ http://localhost:3000/api/stocks/indicator?symbol=AAPL&resolution=D&from=1776149649&to=1778741649&indicator=sma&timeperiod=50:0
[   23697ms] [ERROR] Failed to load resource: the server responded with a status of 500 (Internal Server Error) @ http://localhost:3000/api/stocks/indicator?symbol=AAPL&resolution=D&from=1776149651&to=1778741651&indicator=rsi&timeperiod=14:0
[   23701ms] [ERROR] Failed to load resource: the server responded with a status of 500 (Internal Server Error) @ http://localhost:3000/api/stocks/indicator?symbol=AAPL&resolution=D&from=1776149651&to=1778741651&indicator=sma&timeperiod=20:0
[   23711ms] [ERROR] Failed to load resource: the server responded with a status of 500 (Internal Server Error) @ http://localhost:3000/api/stocks/indicator?symbol=AAPL&resolution=D&from=1776149651&to=1778741651&indicator=sma&timeperiod=50:0
[   23767ms] [ERROR] Failed to load resource: the server responded with a status of 500 (Internal Server Error) @ http://localhost:3000/api/stocks/candle?symbol=AAPL&resolution=D&from=1776149650&to=1778741650:0
[   24072ms] [ERROR] Failed to load resource: the server responded with a status of 500 (Internal Server Error) @ http://localhost:3000/api/stocks/candle?symbol=AAPL&resolution=D&from=1776149651&to=1778741651:0
[   25003ms] [ERROR] Failed to load resource: the server responded with a status of 500 (Internal Server Error) @ http://localhost:3000/api/stocks/indicator?symbol=AAPL&resolution=D&from=1776149651&to=1778741651&indicator=sma&timeperiod=20:0
[   25035ms] [ERROR] Failed to load resource: the server responded with a status of 500 (Internal Server Error) @ http://localhost:3000/api/stocks/indicator?symbol=AAPL&resolution=D&from=1776149651&to=1778741651&indicator=sma&timeperiod=50:0
[   25037ms] [ERROR] Failed to load resource: the server responded with a status of 500 (Internal Server Error) @ http://localhost:3000/api/stocks/indicator?symbol=AAPL&resolution=D&from=1776149651&to=1778741651&indicator=rsi&timeperiod=14:0
[   25310ms] [ERROR] Failed to load resource: the server responded with a status of 500 (Internal Server Error) @ http://localhost:3000/api/stocks/indicator?symbol=AAPL&resolution=D&from=1776149653&to=1778741653&indicator=rsi&timeperiod=14:0
[   25334ms] [ERROR] Failed to load resource: the server responded with a status of 500 (Internal Server Error) @ http://localhost:3000/api/stocks/indicator?symbol=AAPL&resolution=D&from=1776149653&to=1778741653&indicator=sma&timeperiod=50:0
[   25337ms] [ERROR] Failed to load resource: the server responded with a status of 500 (Internal Server Error) @ http://localhost:3000/api/stocks/indicator?symbol=AAPL&resolution=D&from=1776149653&to=1778741653&indicator=sma&timeperiod=20:0
[   25395ms] [ERROR] Failed to load resource: the server responded with a status of 500 (Internal Server Error) @ http://localhost:3000/api/stocks/candle?symbol=AAPL&resolution=D&from=1776149651&to=1778741651:0
[   25697ms] [ERROR] Failed to load resource: the server responded with a status of 500 (Internal Server Error) @ http://localhost:3000/api/stocks/candle?symbol=AAPL&resolution=D&from=1776149653&to=1778741653:0
[   26598ms] [ERROR] Failed to load resource: the server responded with a status of 500 (Internal Server Error) @ http://localhost:3000/api/stocks/indicator?symbol=AAPL&resolution=D&from=1776149653&to=1778741653&indicator=rsi&timeperiod=14:0
[   26632ms] [ERROR] Failed to load resource: the server responded with a status of 500 (Internal Server Error) @ http://localhost:3000/api/stocks/indicator?symbol=AAPL&resolution=D&from=1776149653&to=1778741653&indicator=sma&timeperiod=20:0
[   26651ms] [ERROR] Failed to load resource: the server responded with a status of 500 (Internal Server Error) @ http://localhost:3000/api/stocks/indicator?symbol=AAPL&resolution=D&from=1776149653&to=1778741653&indicator=sma&timeperiod=50:0
[   26898ms] [ERROR] Failed to load resource: the server responded with a status of 500 (Internal Server Error) @ http://localhost:3000/api/stocks/indicator?symbol=AAPL&resolution=D&from=1776149654&to=1778741654&indicator=rsi&timeperiod=14:0
[   26903ms] [ERROR] Failed to load resource: the server responded with a status of 500 (Internal Server Error) @ http://localhost:3000/api/stocks/indicator?symbol=AAPL&resolution=D&from=1776149654&to=1778741654&indicator=sma&timeperiod=20:0
[   26991ms] [ERROR] Failed to load resource: the server responded with a status of 500 (Internal Server Error) @ http://localhost:3000/api/stocks/indicator?symbol=AAPL&resolution=D&from=1776149654&to=1778741654&indicator=sma&timeperiod=50:0
[   27002ms] [ERROR] Failed to load resource: the server responded with a status of 500 (Internal Server Error) @ http://localhost:3000/api/stocks/candle?symbol=AAPL&resolution=D&from=1776149653&to=1778741653:0
[   27305ms] [ERROR] Failed to load resource: the server responded with a status of 500 (Internal Server Error) @ http://localhost:3000/api/stocks/candle?symbol=AAPL&resolution=D&from=1776149655&to=1778741655:0
[   28214ms] [ERROR] Failed to load resource: the server responded with a status of 500 (Internal Server Error) @ http://localhost:3000/api/stocks/indicator?symbol=AAPL&resolution=D&from=1776149654&to=1778741654&indicator=rsi&timeperiod=14:0
[   28231ms] [ERROR] Failed to load resource: the server responded with a status of 500 (Internal Server Error) @ http://localhost:3000/api/stocks/indicator?symbol=AAPL&resolution=D&from=1776149654&to=1778741654&indicator=sma&timeperiod=20:0
[   28302ms] [ERROR] Failed to load resource: the server responded with a status of 500 (Internal Server Error) @ http://localhost:3000/api/stocks/indicator?symbol=AAPL&resolution=D&from=1776149654&to=1778741654&indicator=sma&timeperiod=50:0
[   28516ms] [ERROR] Failed to load resource: the server responded with a status of 500 (Internal Server Error) @ http://localhost:3000/api/stocks/indicator?symbol=AAPL&resolution=D&from=1776149656&to=1778741656&indicator=rsi&timeperiod=14:0
[   28518ms] [ERROR] Failed to load resource: the server responded with a status of 500 (Internal Server Error) @ http://localhost:3000/api/stocks/indicator?symbol=AAPL&resolution=D&from=1776149656&to=1778741656&indicator=sma&timeperiod=20:0
[   28531ms] [ERROR] Failed to load resource: the server responded with a status of 500 (Internal Server Error) @ http://localhost:3000/api/stocks/indicator?symbol=AAPL&resolution=D&from=1776149656&to=1778741656&indicator=sma&timeperiod=50:0
[   28622ms] [ERROR] Failed to load resource: the server responded with a status of 500 (Internal Server Error) @ http://localhost:3000/api/stocks/candle?symbol=AAPL&resolution=D&from=1776149655&to=1778741655:0
[   28911ms] [ERROR] Failed to load resource: the server responded with a status of 500 (Internal Server Error) @ http://localhost:3000/api/stocks/candle?symbol=AAPL&resolution=D&from=1776149656&to=1778741656:0
[   29820ms] [ERROR] Failed to load resource: the server responded with a status of 500 (Internal Server Error) @ http://localhost:3000/api/stocks/indicator?symbol=AAPL&resolution=D&from=1776149656&to=1778741656&indicator=rsi&timeperiod=14:0
[   29839ms] [ERROR] Failed to load resource: the server responded with a status of 500 (Internal Server Error) @ http://localhost:3000/api/stocks/indicator?symbol=AAPL&resolution=D&from=1776149656&to=1778741656&indicator=sma&timeperiod=20:0
[   29842ms] [ERROR] Failed to load resource: the server responded with a status of 500 (Internal Server Error) @ http://localhost:3000/api/stocks/indicator?symbol=AAPL&resolution=D&from=1776149656&to=1778741656&indicator=sma&timeperiod=50:0
[   30124ms] [ERROR] Failed to load resource: the server responded with a status of 500 (Internal Server Error) @ http://localhost:3000/api/stocks/indicator?symbol=AAPL&resolution=D&from=1776149657&to=1778741657&indicator=rsi&timeperiod=14:0
[   30127ms] [ERROR] Failed to load resource: the server responded with a status of 500 (Internal Server Error) @ http://localhost:3000/api/stocks/indicator?symbol=AAPL&resolution=D&from=1776149657&to=1778741657&indicator=sma&timeperiod=20:0
[   30136ms] [ERROR] Failed to load resource: the server responded with a status of 500 (Internal Server Error) @ http://localhost:3000/api/stocks/indicator?symbol=AAPL&resolution=D&from=1776149657&to=1778741657&indicator=sma&timeperiod=50:0
[   30208ms] [ERROR] Failed to load resource: the server responded with a status of 500 (Internal Server Error) @ http://localhost:3000/api/stocks/candle?symbol=AAPL&resolution=D&from=1776149656&to=1778741656:0
[   30490ms] [ERROR] Failed to load resource: the server responded with a status of 500 (Internal Server Error) @ http://localhost:3000/api/stocks/candle?symbol=AAPL&resolution=D&from=1776149658&to=1778741658:0
[   31415ms] [ERROR] Failed to load resource: the server responded with a status of 500 (Internal Server Error) @ http://localhost:3000/api/stocks/indicator?symbol=AAPL&resolution=D&from=1776149657&to=1778741657&indicator=rsi&timeperiod=14:0
[   31448ms] [ERROR] Failed to load resource: the server responded with a status of 500 (Internal Server Error) @ http://localhost:3000/api/stocks/indicator?symbol=AAPL&resolution=D&from=1776149657&to=1778741657&indicator=sma&timeperiod=50:0
[   31454ms] [ERROR] Failed to load resource: the server responded with a status of 500 (Internal Server Error) @ http://localhost:3000/api/stocks/indicator?symbol=AAPL&resolution=D&from=1776149657&to=1778741657&indicator=sma&timeperiod=20:0
[   31536ms] [LOG] [Fast Refresh] rebuilding @ http://localhost:3000/_next/static/chunks/node_modules_next_dist_115brz8._.js:2431
[   31557ms] [LOG] [Fast Refresh] done in 136ms @ http://localhost:3000/_next/static/chunks/node_modules_next_dist_115brz8._.js:2431
[   31733ms] [ERROR] Failed to load resource: the server responded with a status of 500 (Internal Server Error) @ http://localhost:3000/api/stocks/indicator?symbol=AAPL&resolution=D&from=1776149659&to=1778741659&indicator=rsi&timeperiod=14:0
[   31736ms] [ERROR] Failed to load resource: the server responded with a status of 500 (Internal Server Error) @ http://localhost:3000/api/stocks/indicator?symbol=AAPL&resolution=D&from=1776149659&to=1778741659&indicator=sma&timeperiod=20:0
[   31750ms] [ERROR] Failed to load resource: the server responded with a status of 500 (Internal Server Error) @ http://localhost:3000/api/stocks/indicator?symbol=AAPL&resolution=D&from=1776149659&to=1778741659&indicator=sma&timeperiod=50:0
[   31870ms] [ERROR] Failed to load resource: the server responded with a status of 500 (Internal Server Error) @ http://localhost:3000/api/stocks/candle?symbol=AAPL&resolution=D&from=1776149658&to=1778741658:0
[   32152ms] [ERROR] Failed to load resource: the server responded with a status of 500 (Internal Server Error) @ http://localhost:3000/api/stocks/candle?symbol=AAPL&resolution=D&from=1776149660&to=1778741660:0
[   33029ms] [ERROR] Failed to load resource: the server responded with a status of 500 (Internal Server Error) @ http://localhost:3000/api/stocks/indicator?symbol=AAPL&resolution=D&from=1776149659&to=1778741659&indicator=sma&timeperiod=20:0
[   33037ms] [ERROR] Failed to load resource: the server responded with a status of 500 (Internal Server Error) @ http://localhost:3000/api/stocks/indicator?symbol=AAPL&resolution=D&from=1776149659&to=1778741659&indicator=rsi&timeperiod=14:0
[   33046ms] [ERROR] Failed to load resource: the server responded with a status of 500 (Internal Server Error) @ http://localhost:3000/api/stocks/indicator?symbol=AAPL&resolution=D&from=1776149659&to=1778741659&indicator=sma&timeperiod=50:0
[   33338ms] [ERROR] Failed to load resource: the server responded with a status of 500 (Internal Server Error) @ http://localhost:3000/api/stocks/indicator?symbol=AAPL&resolution=D&from=1776149661&to=1778741661&indicator=sma&timeperiod=20:0
[   33341ms] [ERROR] Failed to load resource: the server responded with a status of 500 (Internal Server Error) @ http://localhost:3000/api/stocks/indicator?symbol=AAPL&resolution=D&from=1776149661&to=1778741661&indicator=sma&timeperiod=50:0
[   33342ms] [ERROR] Failed to load resource: the server responded with a status of 500 (Internal Server Error) @ http://localhost:3000/api/stocks/indicator?symbol=AAPL&resolution=D&from=1776149661&to=1778741661&indicator=rsi&timeperiod=14:0
[   33457ms] [ERROR] Failed to load resource: the server responded with a status of 500 (Internal Server Error) @ http://localhost:3000/api/stocks/candle?symbol=AAPL&resolution=D&from=1776149660&to=1778741660:0
[   33741ms] [ERROR] Failed to load resource: the server responded with a status of 500 (Internal Server Error) @ http://localhost:3000/api/stocks/candle?symbol=AAPL&resolution=D&from=1776149661&to=1778741661:0
[   34676ms] [ERROR] Failed to load resource: the server responded with a status of 500 (Internal Server Error) @ http://localhost:3000/api/stocks/indicator?symbol=AAPL&resolution=D&from=1776149661&to=1778741661&indicator=rsi&timeperiod=14:0
[   34683ms] [ERROR] Failed to load resource: the server responded with a status of 500 (Internal Server Error) @ http://localhost:3000/api/stocks/indicator?symbol=AAPL&resolution=D&from=1776149661&to=1778741661&indicator=sma&timeperiod=50:0
[   34700ms] [ERROR] Failed to load resource: the server responded with a status of 500 (Internal Server Error) @ http://localhost:3000/api/stocks/indicator?symbol=AAPL&resolution=D&from=1776149661&to=1778741661&indicator=sma&timeperiod=20:0
[   35002ms] [ERROR] Failed to load resource: the server responded with a status of 500 (Internal Server Error) @ http://localhost:3000/api/stocks/indicator?symbol=AAPL&resolution=D&from=1776149662&to=1778741662&indicator=sma&timeperiod=50:0
[   35011ms] [ERROR] Failed to load resource: the server responded with a status of 500 (Internal Server Error) @ http://localhost:3000/api/stocks/indicator?symbol=AAPL&resolution=D&from=1776149662&to=1778741662&indicator=sma&timeperiod=20:0
[   35034ms] [ERROR] Failed to load resource: the server responded with a status of 500 (Internal Server Error) @ http://localhost:3000/api/stocks/indicator?symbol=AAPL&resolution=D&from=1776149662&to=1778741662&indicator=rsi&timeperiod=14:0
[   35096ms] [ERROR] Failed to load resource: the server responded with a status of 500 (Internal Server Error) @ http://localhost:3000/api/stocks/candle?symbol=AAPL&resolution=D&from=1776149661&to=1778741661:0
[   35404ms] [ERROR] Failed to load resource: the server responded with a status of 500 (Internal Server Error) @ http://localhost:3000/api/stocks/candle?symbol=AAPL&resolution=D&from=1776149663&to=1778741663:0
[   36301ms] [ERROR] Failed to load resource: the server responded with a status of 500 (Internal Server Error) @ http://localhost:3000/api/stocks/indicator?symbol=AAPL&resolution=D&from=1776149662&to=1778741662&indicator=sma&timeperiod=50:0
[   36314ms] [ERROR] Failed to load resource: the server responded with a status of 500 (Internal Server Error) @ http://localhost:3000/api/stocks/indicator?symbol=AAPL&resolution=D&from=1776149662&to=1778741662&indicator=sma&timeperiod=20:0
[   36327ms] [ERROR] Failed to load resource: the server responded with a status of 500 (Internal Server Error) @ http://localhost:3000/api/stocks/indicator?symbol=AAPL&resolution=D&from=1776149662&to=1778741662&indicator=rsi&timeperiod=14:0
[   36585ms] [ERROR] Failed to load resource: the server responded with a status of 500 (Internal Server Error) @ http://localhost:3000/api/stocks/indicator?symbol=AAPL&resolution=D&from=1776149664&to=1778741664&indicator=rsi&timeperiod=14:0
[   36601ms] [ERROR] Failed to load resource: the server responded with a status of 500 (Internal Server Error) @ http://localhost:3000/api/stocks/indicator?symbol=AAPL&resolution=D&from=1776149664&to=1778741664&indicator=sma&timeperiod=20:0
[   36610ms] [ERROR] Failed to load resource: the server responded with a status of 500 (Internal Server Error) @ http://localhost:3000/api/stocks/indicator?symbol=AAPL&resolution=D&from=1776149664&to=1778741664&indicator=sma&timeperiod=50:0
[   36700ms] [ERROR] Failed to load resource: the server responded with a status of 500 (Internal Server Error) @ http://localhost:3000/api/stocks/candle?symbol=AAPL&resolution=D&from=1776149663&to=1778741663:0
[   36994ms] [ERROR] Failed to load resource: the server responded with a status of 500 (Internal Server Error) @ http://localhost:3000/api/stocks/candle?symbol=AAPL&resolution=D&from=1776149664&to=1778741664:0
[   37935ms] [ERROR] Failed to load resource: the server responded with a status of 500 (Internal Server Error) @ http://localhost:3000/api/stocks/indicator?symbol=AAPL&resolution=D&from=1776149664&to=1778741664&indicator=rsi&timeperiod=14:0
[   37958ms] [ERROR] Failed to load resource: the server responded with a status of 500 (Internal Server Error) @ http://localhost:3000/api/stocks/indicator?symbol=AAPL&resolution=D&from=1776149664&to=1778741664&indicator=sma&timeperiod=50:0
[   38258ms] [ERROR] Failed to load resource: the server responded with a status of 500 (Internal Server Error) @ http://localhost:3000/api/stocks/indicator?symbol=AAPL&resolution=D&from=1776149666&to=1778741666&indicator=sma&timeperiod=20:0
[   38273ms] [ERROR] Failed to load resource: the server responded with a status of 500 (Internal Server Error) @ http://localhost:3000/api/stocks/indicator?symbol=AAPL&resolution=D&from=1776149666&to=1778741666&indicator=rsi&timeperiod=14:0
[   38285ms] [ERROR] Failed to load resource: the server responded with a status of 500 (Internal Server Error) @ http://localhost:3000/api/stocks/candle?symbol=AAPL&resolution=D&from=1776149664&to=1778741664:0
[   38296ms] [ERROR] Failed to load resource: the server responded with a status of 500 (Internal Server Error) @ http://localhost:3000/api/stocks/indicator?symbol=AAPL&resolution=D&from=1776149666&to=1778741666&indicator=sma&timeperiod=50:0
[   38367ms] [ERROR] Failed to load resource: the server responded with a status of 500 (Internal Server Error) @ http://localhost:3000/api/stocks/indicator?symbol=AAPL&resolution=D&from=1776149664&to=1778741664&indicator=sma&timeperiod=20:0
[   38582ms] [ERROR] Failed to load resource: the server responded with a status of 500 (Internal Server Error) @ http://localhost:3000/api/stocks/candle?symbol=AAPL&resolution=D&from=1776149666&to=1778741666:0
[   39564ms] [ERROR] Failed to load resource: the server responded with a status of 500 (Internal Server Error) @ http://localhost:3000/api/stocks/indicator?symbol=AAPL&resolution=D&from=1776149666&to=1778741666&indicator=sma&timeperiod=20:0
[   39581ms] [ERROR] Failed to load resource: the server responded with a status of 500 (Internal Server Error) @ http://localhost:3000/api/stocks/indicator?symbol=AAPL&resolution=D&from=1776149666&to=1778741666&indicator=rsi&timeperiod=14:0
[   39588ms] [ERROR] Failed to load resource: the server responded with a status of 500 (Internal Server Error) @ http://localhost:3000/api/stocks/indicator?symbol=AAPL&resolution=D&from=1776149666&to=1778741666&indicator=sma&timeperiod=50:0
[   39856ms] [ERROR] Failed to load resource: the server responded with a status of 500 (Internal Server Error) @ http://localhost:3000/api/stocks/indicator?symbol=AAPL&resolution=D&from=1776149667&to=1778741667&indicator=rsi&timeperiod=14:0
[   39867ms] [ERROR] Failed to load resource: the server responded with a status of 500 (Internal Server Error) @ http://localhost:3000/api/stocks/indicator?symbol=AAPL&resolution=D&from=1776149667&to=1778741667&indicator=sma&timeperiod=20:0
[   39885ms] [ERROR] Failed to load resource: the server responded with a status of 500 (Internal Server Error) @ http://localhost:3000/api/stocks/indicator?symbol=AAPL&resolution=D&from=1776149667&to=1778741667&indicator=sma&timeperiod=50:0
[   39899ms] [ERROR] Failed to load resource: the server responded with a status of 500 (Internal Server Error) @ http://localhost:3000/api/stocks/candle?symbol=AAPL&resolution=D&from=1776149666&to=1778741666:0
[   40198ms] [ERROR] Failed to load resource: the server responded with a status of 500 (Internal Server Error) @ http://localhost:3000/api/stocks/candle?symbol=AAPL&resolution=D&from=1776149668&to=1778741668:0
[   41210ms] [ERROR] Failed to load resource: the server responded with a status of 500 (Internal Server Error) @ http://localhost:3000/api/stocks/indicator?symbol=AAPL&resolution=D&from=1776149667&to=1778741667&indicator=sma&timeperiod=20:0
[   41215ms] [ERROR] Failed to load resource: the server responded with a status of 500 (Internal Server Error) @ http://localhost:3000/api/stocks/indicator?symbol=AAPL&resolution=D&from=1776149667&to=1778741667&indicator=sma&timeperiod=50:0
[   41232ms] [ERROR] Failed to load resource: the server responded with a status of 500 (Internal Server Error) @ http://localhost:3000/api/stocks/indicator?symbol=AAPL&resolution=D&from=1776149667&to=1778741667&indicator=rsi&timeperiod=14:0
[   41492ms] [ERROR] Failed to load resource: the server responded with a status of 500 (Internal Server Error) @ http://localhost:3000/api/stocks/candle?symbol=AAPL&resolution=D&from=1776149668&to=1778741668:0
[   41514ms] [ERROR] Failed to load resource: the server responded with a status of 500 (Internal Server Error) @ http://localhost:3000/api/stocks/indicator?symbol=AAPL&resolution=D&from=1776149669&to=1778741669&indicator=sma&timeperiod=20:0
[   41517ms] [ERROR] Failed to load resource: the server responded with a status of 500 (Internal Server Error) @ http://localhost:3000/api/stocks/indicator?symbol=AAPL&resolution=D&from=1776149669&to=1778741669&indicator=rsi&timeperiod=14:0
[   41787ms] [ERROR] Failed to load resource: the server responded with a status of 500 (Internal Server Error) @ http://localhost:3000/api/stocks/candle?symbol=AAPL&resolution=D&from=1776149669&to=1778741669:0
[   41986ms] [ERROR] Failed to load resource: the server responded with a status of 500 (Internal Server Error) @ http://localhost:3000/api/stocks/indicator?symbol=AAPL&resolution=D&from=1776149669&to=1778741669&indicator=sma&timeperiod=50:0
[   42816ms] [ERROR] Failed to load resource: the server responded with a status of 500 (Internal Server Error) @ http://localhost:3000/api/stocks/indicator?symbol=AAPL&resolution=D&from=1776149669&to=1778741669&indicator=sma&timeperiod=20:0
[   42821ms] [ERROR] Failed to load resource: the server responded with a status of 500 (Internal Server Error) @ http://localhost:3000/api/stocks/indicator?symbol=AAPL&resolution=D&from=1776149669&to=1778741669&indicator=rsi&timeperiod=14:0
[   43096ms] [ERROR] Failed to load resource: the server responded with a status of 500 (Internal Server Error) @ http://localhost:3000/api/stocks/candle?symbol=AAPL&resolution=D&from=1776149669&to=1778741669:0
[   43115ms] [ERROR] Failed to load resource: the server responded with a status of 500 (Internal Server Error) @ http://localhost:3000/api/stocks/indicator?symbol=AAPL&resolution=D&from=1776149670&to=1778741670&indicator=rsi&timeperiod=14:0
[   43122ms] [ERROR] Failed to load resource: the server responded with a status of 500 (Internal Server Error) @ http://localhost:3000/api/stocks/indicator?symbol=AAPL&resolution=D&from=1776149670&to=1778741670&indicator=sma&timeperiod=20:0
[   43125ms] [ERROR] Failed to load resource: the server responded with a status of 500 (Internal Server Error) @ http://localhost:3000/api/stocks/indicator?symbol=AAPL&resolution=D&from=1776149670&to=1778741670&indicator=sma&timeperiod=50:0
[   43393ms] [ERROR] Failed to load resource: the server responded with a status of 500 (Internal Server Error) @ http://localhost:3000/api/stocks/candle?symbol=AAPL&resolution=D&from=1776149671&to=1778741671:0
[   44402ms] [ERROR] Failed to load resource: the server responded with a status of 500 (Internal Server Error) @ http://localhost:3000/api/stocks/indicator?symbol=AAPL&resolution=D&from=1776149670&to=1778741670&indicator=rsi&timeperiod=14:0
[   44432ms] [ERROR] Failed to load resource: the server responded with a status of 500 (Internal Server Error) @ http://localhost:3000/api/stocks/indicator?symbol=AAPL&resolution=D&from=1776149670&to=1778741670&indicator=sma&timeperiod=50:0
[   44438ms] [ERROR] Failed to load resource: the server responded with a status of 500 (Internal Server Error) @ http://localhost:3000/api/stocks/indicator?symbol=AAPL&resolution=D&from=1776149670&to=1778741670&indicator=sma&timeperiod=20:0
[   44696ms] [ERROR] Failed to load resource: the server responded with a status of 500 (Internal Server Error) @ http://localhost:3000/api/stocks/candle?symbol=AAPL&resolution=D&from=1776149671&to=1778741671:0
[   44712ms] [ERROR] Failed to load resource: the server responded with a status of 500 (Internal Server Error) @ http://localhost:3000/api/stocks/indicator?symbol=AAPL&resolution=D&from=1776149672&to=1778741672&indicator=sma&timeperiod=20:0
[   44715ms] [ERROR] Failed to load resource: the server responded with a status of 500 (Internal Server Error) @ http://localhost:3000/api/stocks/indicator?symbol=AAPL&resolution=D&from=1776149672&to=1778741672&indicator=rsi&timeperiod=14:0
[   44801ms] [ERROR] Failed to load resource: the server responded with a status of 500 (Internal Server Error) @ http://localhost:3000/api/stocks/indicator?symbol=AAPL&resolution=D&from=1776149672&to=1778741672&indicator=sma&timeperiod=50:0
[   44999ms] [ERROR] Failed to load resource: the server responded with a status of 500 (Internal Server Error) @ http://localhost:3000/api/stocks/candle?symbol=AAPL&resolution=D&from=1776149672&to=1778741672:0
[   46010ms] [ERROR] Failed to load resource: the server responded with a status of 500 (Internal Server Error) @ http://localhost:3000/api/stocks/indicator?symbol=AAPL&resolution=D&from=1776149672&to=1778741672&indicator=rsi&timeperiod=14:0
[   46015ms] [ERROR] Failed to load resource: the server responded with a status of 500 (Internal Server Error) @ http://localhost:3000/api/stocks/indicator?symbol=AAPL&resolution=D&from=1776149672&to=1778741672&indicator=sma&timeperiod=20:0
[   46103ms] [ERROR] Failed to load resource: the server responded with a status of 500 (Internal Server Error) @ http://localhost:3000/api/stocks/indicator?symbol=AAPL&resolution=D&from=1776149672&to=1778741672&indicator=sma&timeperiod=50:0
[   46306ms] [ERROR] Failed to load resource: the server responded with a status of 500 (Internal Server Error) @ http://localhost:3000/api/stocks/candle?symbol=AAPL&resolution=D&from=1776149672&to=1778741672:0
[   46315ms] [ERROR] Failed to load resource: the server responded with a status of 500 (Internal Server Error) @ http://localhost:3000/api/stocks/indicator?symbol=AAPL&resolution=D&from=1776149674&to=1778741674&indicator=sma&timeperiod=20:0
[   46319ms] [ERROR] Failed to load resource: the server responded with a status of 500 (Internal Server Error) @ http://localhost:3000/api/stocks/indicator?symbol=AAPL&resolution=D&from=1776149674&to=1778741674&indicator=rsi&timeperiod=14:0
[   46327ms] [ERROR] Failed to load resource: the server responded with a status of 500 (Internal Server Error) @ http://localhost:3000/api/stocks/indicator?symbol=AAPL&resolution=D&from=1776149674&to=1778741674&indicator=sma&timeperiod=50:0
[   46627ms] [ERROR] Failed to load resource: the server responded with a status of 500 (Internal Server Error) @ http://localhost:3000/api/stocks/candle?symbol=AAPL&resolution=D&from=1776149674&to=1778741674:0
[   47650ms] [ERROR] Failed to load resource: the server responded with a status of 500 (Internal Server Error) @ http://localhost:3000/api/stocks/indicator?symbol=AAPL&resolution=D&from=1776149674&to=1778741674&indicator=sma&timeperiod=20:0
[   47677ms] [ERROR] Failed to load resource: the server responded with a status of 500 (Internal Server Error) @ http://localhost:3000/api/stocks/indicator?symbol=AAPL&resolution=D&from=1776149674&to=1778741674&indicator=rsi&timeperiod=14:0
[   47678ms] [ERROR] Failed to load resource: the server responded with a status of 500 (Internal Server Error) @ http://localhost:3000/api/stocks/indicator?symbol=AAPL&resolution=D&from=1776149674&to=1778741674&indicator=sma&timeperiod=50:0
[   47945ms] [ERROR] Failed to load resource: the server responded with a status of 500 (Internal Server Error) @ http://localhost:3000/api/stocks/candle?symbol=AAPL&resolution=D&from=1776149674&to=1778741674:0
[   47978ms] [ERROR] Failed to load resource: the server responded with a status of 500 (Internal Server Error) @ http://localhost:3000/api/stocks/indicator?symbol=AAPL&resolution=D&from=1776149675&to=1778741675&indicator=sma&timeperiod=50:0
[   47981ms] [ERROR] Failed to load resource: the server responded with a status of 500 (Internal Server Error) @ http://localhost:3000/api/stocks/indicator?symbol=AAPL&resolution=D&from=1776149675&to=1778741675&indicator=rsi&timeperiod=14:0
[   47983ms] [ERROR] Failed to load resource: the server responded with a status of 500 (Internal Server Error) @ http://localhost:3000/api/stocks/indicator?symbol=AAPL&resolution=D&from=1776149675&to=1778741675&indicator=sma&timeperiod=20:0
[   48234ms] [ERROR] Failed to load resource: the server responded with a status of 500 (Internal Server Error) @ http://localhost:3000/api/stocks/candle?symbol=AAPL&resolution=D&from=1776149676&to=1778741676:0
[   49294ms] [ERROR] Failed to load resource: the server responded with a status of 500 (Internal Server Error) @ http://localhost:3000/api/stocks/indicator?symbol=AAPL&resolution=D&from=1776149675&to=1778741675&indicator=sma&timeperiod=20:0
[   49298ms] [ERROR] Failed to load resource: the server responded with a status of 500 (Internal Server Error) @ http://localhost:3000/api/stocks/indicator?symbol=AAPL&resolution=D&from=1776149675&to=1778741675&indicator=rsi&timeperiod=14:0
[   49300ms] [ERROR] Failed to load resource: the server responded with a status of 500 (Internal Server Error) @ http://localhost:3000/api/stocks/indicator?symbol=AAPL&resolution=D&from=1776149675&to=1778741675&indicator=sma&timeperiod=50:0
[   49550ms] [ERROR] Failed to load resource: the server responded with a status of 500 (Internal Server Error) @ http://localhost:3000/api/stocks/candle?symbol=AAPL&resolution=D&from=1776149676&to=1778741676:0
[   49605ms] [ERROR] Failed to load resource: the server responded with a status of 500 (Internal Server Error) @ http://localhost:3000/api/stocks/indicator?symbol=AAPL&resolution=D&from=1776149677&to=1778741677&indicator=sma&timeperiod=50:0
[   49609ms] [ERROR] Failed to load resource: the server responded with a status of 500 (Internal Server Error) @ http://localhost:3000/api/stocks/indicator?symbol=AAPL&resolution=D&from=1776149677&to=1778741677&indicator=rsi&timeperiod=14:0
[   49613ms] [ERROR] Failed to load resource: the server responded with a status of 500 (Internal Server Error) @ http://localhost:3000/api/stocks/indicator?symbol=AAPL&resolution=D&from=1776149677&to=1778741677&indicator=sma&timeperiod=20:0
[   49862ms] [ERROR] Failed to load resource: the server responded with a status of 500 (Internal Server Error) @ http://localhost:3000/api/stocks/candle?symbol=AAPL&resolution=D&from=1776149677&to=1778741677:0
[   50907ms] [ERROR] Failed to load resource: the server responded with a status of 500 (Internal Server Error) @ http://localhost:3000/api/stocks/indicator?symbol=AAPL&resolution=D&from=1776149677&to=1778741677&indicator=sma&timeperiod=50:0
[   50913ms] [ERROR] Failed to load resource: the server responded with a status of 500 (Internal Server Error) @ http://localhost:3000/api/stocks/indicator?symbol=AAPL&resolution=D&from=1776149677&to=1778741677&indicator=rsi&timeperiod=14:0
[   50914ms] [ERROR] Failed to load resource: the server responded with a status of 500 (Internal Server Error) @ http://localhost:3000/api/stocks/indicator?symbol=AAPL&resolution=D&from=1776149677&to=1778741677&indicator=sma&timeperiod=20:0
[   51160ms] [ERROR] Failed to load resource: the server responded with a status of 500 (Internal Server Error) @ http://localhost:3000/api/stocks/candle?symbol=AAPL&resolution=D&from=1776149677&to=1778741677:0
[   51210ms] [ERROR] Failed to load resource: the server responded with a status of 500 (Internal Server Error) @ http://localhost:3000/api/stocks/indicator?symbol=AAPL&resolution=D&from=1776149679&to=1778741679&indicator=sma&timeperiod=20:0
[   51212ms] [ERROR] Failed to load resource: the server responded with a status of 500 (Internal Server Error) @ http://localhost:3000/api/stocks/indicator?symbol=AAPL&resolution=D&from=1776149679&to=1778741679&indicator=sma&timeperiod=50:0
[   51216ms] [ERROR] Failed to load resource: the server responded with a status of 500 (Internal Server Error) @ http://localhost:3000/api/stocks/indicator?symbol=AAPL&resolution=D&from=1776149679&to=1778741679&indicator=rsi&timeperiod=14:0
[   51447ms] [ERROR] Failed to load resource: the server responded with a status of 500 (Internal Server Error) @ http://localhost:3000/api/stocks/candle?symbol=AAPL&resolution=D&from=1776149679&to=1778741679:0
[   52508ms] [ERROR] Failed to load resource: the server responded with a status of 500 (Internal Server Error) @ http://localhost:3000/api/stocks/indicator?symbol=AAPL&resolution=D&from=1776149679&to=1778741679&indicator=sma&timeperiod=20:0
[   52537ms] [ERROR] Failed to load resource: the server responded with a status of 500 (Internal Server Error) @ http://localhost:3000/api/stocks/indicator?symbol=AAPL&resolution=D&from=1776149679&to=1778741679&indicator=rsi&timeperiod=14:0
[   52541ms] [ERROR] Failed to load resource: the server responded with a status of 500 (Internal Server Error) @ http://localhost:3000/api/stocks/indicator?symbol=AAPL&resolution=D&from=1776149679&to=1778741679&indicator=sma&timeperiod=50:0
