[     112ms] [LOG] [Fast Refresh] rebuilding @ http://localhost:3000/_next/static/chunks/node_modules_next_dist_115brz8._.js:2431
[     338ms] [LOG] [Fast Refresh] done in 327ms @ http://localhost:3000/_next/static/chunks/node_modules_next_dist_115brz8._.js:2431
[     421ms] [INFO] %cDownload the React DevTools for a better development experience: https://react.dev/link/react-devtools font-weight:bold @ http://localhost:3000/_next/static/chunks/node_modules_next_dist_115brz8._.js:2431
[     462ms] [LOG] [HMR] connected @ http://localhost:3000/_next/static/chunks/node_modules_next_dist_115brz8._.js:2431
[     532ms] [LOG] PortfolioPage holdings: 6 BTC,MSFT,ETH,SOL,BTC,005930 @ http://localhost:3000/_next/static/chunks/node_modules_next_dist_115brz8._.js:2431
[     534ms] [LOG] PortfolioPage holdings: 6 BTC,MSFT,ETH,SOL,BTC,005930 @ http://localhost:3000/_next/static/chunks/node_modules_next_dist_115brz8._.js:2431
[     583ms] [LOG] PortfolioPage holdings: 6 BTC,MSFT,ETH,SOL,BTC,005930 @ http://localhost:3000/_next/static/chunks/node_modules_next_dist_115brz8._.js:2431
[     584ms] [LOG] PortfolioPage holdings: 6 BTC,MSFT,ETH,SOL,BTC,005930 @ http://localhost:3000/_next/static/chunks/node_modules_next_dist_115brz8._.js:2431
[     683ms] [LOG] PortfolioPage holdings: 6 BTC,MSFT,ETH,SOL,BTC,005930 @ http://localhost:3000/_next/static/chunks/node_modules_next_dist_115brz8._.js:2431
[     684ms] [LOG] PortfolioPage holdings: 6 BTC,MSFT,ETH,SOL,BTC,005930 @ http://localhost:3000/_next/static/chunks/node_modules_next_dist_115brz8._.js:2431
[     747ms] [LOG] PortfolioPage holdings: 6 BTC,MSFT,ETH,SOL,BTC,005930 @ http://localhost:3000/_next/static/chunks/node_modules_next_dist_115brz8._.js:2431
[     749ms] [LOG] PortfolioPage holdings: 6 BTC,MSFT,ETH,SOL,BTC,005930 @ http://localhost:3000/_next/static/chunks/node_modules_next_dist_115brz8._.js:2431
[    1023ms] [LOG] PortfolioPage holdings: 6 BTC,MSFT,ETH,SOL,BTC,005930 @ http://localhost:3000/_next/static/chunks/node_modules_next_dist_115brz8._.js:2431
[    1025ms] [LOG] PortfolioPage holdings: 6 BTC,MSFT,ETH,SOL,BTC,005930 @ http://localhost:3000/_next/static/chunks/node_modules_next_dist_115brz8._.js:2431
[   12624ms] [LOG] PortfolioPage holdings: 6 BTC,MSFT,ETH,SOL,BTC,005930 @ http://localhost:3000/_next/static/chunks/node_modules_next_dist_115brz8._.js:2431
[   12626ms] [LOG] PortfolioPage holdings: 6 BTC,MSFT,ETH,SOL,BTC,005930 @ http://localhost:3000/_next/static/chunks/node_modules_next_dist_115brz8._.js:2431
[   27988ms] [LOG] [Fast Refresh] rebuilding @ http://localhost:3000/_next/static/chunks/node_modules_next_dist_115brz8._.js:2431
[   27988ms] [LOG] [Fast Refresh] done in 103ms @ http://localhost:3000/_next/static/chunks/node_modules_next_dist_115brz8._.js:2431
[   60768ms] [LOG] PortfolioPage holdings: 6 BTC,MSFT,ETH,SOL,BTC,005930 @ http://localhost:3000/_next/static/chunks/node_modules_next_dist_115brz8._.js:2431
[   60770ms] [LOG] PortfolioPage holdings: 6 BTC,MSFT,ETH,SOL,BTC,005930 @ http://localhost:3000/_next/static/chunks/node_modules_next_dist_115brz8._.js:2431
[   61036ms] [LOG] PortfolioPage holdings: 7 BTC,MSFT,ETH,SOL,BTC,005930,005930 @ http://localhost:3000/_next/static/chunks/node_modules_next_dist_115brz8._.js:2431
[   61038ms] [LOG] PortfolioPage holdings: 7 BTC,MSFT,ETH,SOL,BTC,005930,005930 @ http://localhost:3000/_next/static/chunks/node_modules_next_dist_115brz8._.js:2431
[   61093ms] [LOG] PortfolioPage holdings: 7 BTC,MSFT,ETH,SOL,BTC,005930,005930 @ http://localhost:3000/_next/static/chunks/node_modules_next_dist_115brz8._.js:2431
[   61094ms] [LOG] PortfolioPage holdings: 7 BTC,MSFT,ETH,SOL,BTC,005930,005930 @ http://localhost:3000/_next/static/chunks/node_modules_next_dist_115brz8._.js:2431
[   61133ms] [LOG] [Fast Refresh] rebuilding @ http://localhost:3000/_next/static/chunks/node_modules_next_dist_115brz8._.js:2431
[   61150ms] [LOG] [Fast Refresh] done in 119ms @ http://localhost:3000/_next/static/chunks/node_modules_next_dist_115brz8._.js:2431
[   61338ms] [LOG] PortfolioPage holdings: 7 BTC,MSFT,ETH,SOL,BTC,005930,005930 @ http://localhost:3000/_next/static/chunks/node_modules_next_dist_115brz8._.js:2431
[   61339ms] [LOG] PortfolioPage holdings: 7 BTC,MSFT,ETH,SOL,BTC,005930,005930 @ http://localhost:3000/_next/static/chunks/node_modules_next_dist_115brz8._.js:2431
[   89354ms] [LOG] [Fast Refresh] rebuilding @ http://localhost:3000/_next/static/chunks/node_modules_next_dist_115brz8._.js:2431
[   89370ms] [LOG] [Fast Refresh] done in 119ms @ http://localhost:3000/_next/static/chunks/node_modules_next_dist_115brz8._.js:2431
[   91095ms] [LOG] PortfolioPage holdings: 7 BTC,MSFT,ETH,SOL,BTC,005930,005930 @ http://localhost:3000/_next/static/chunks/node_modules_next_dist_115brz8._.js:2431
[   91096ms] [LOG] PortfolioPage holdings: 7 BTC,MSFT,ETH,SOL,BTC,005930,005930 @ http://localhost:3000/_next/static/chunks/node_modules_next_dist_115brz8._.js:2431
