[     265ms] [INFO] %cDownload the React DevTools for a better development experience: https://react.dev/link/react-devtools font-weight:bold @ http://localhost:3000/_next/static/chunks/node_modules_next_dist_115brz8._.js:2431
[     450ms] [LOG] [HMR] connected @ http://localhost:3000/_next/static/chunks/node_modules_next_dist_115brz8._.js:2431
[   42688ms] [LOG] [Fast Refresh] rebuilding @ http://localhost:3000/_next/static/chunks/node_modules_next_dist_115brz8._.js:2431
[   42689ms] [LOG] [Fast Refresh] done in 103ms @ http://localhost:3000/_next/static/chunks/node_modules_next_dist_115brz8._.js:2431
[   53817ms] [LOG] Holdings in table: 1 @ http://localhost:3000/_next/static/chunks/node_modules_next_dist_115brz8._.js:2431
[   53817ms] [LOG] Row 0: AAPLApple Inc @ http://localhost:3000/_next/static/chunks/node_modules_next_dist_115brz8._.js:2431
[   53817ms] [LOG] SVG elements found: 8 @ http://localhost:3000/_next/static/chunks/node_modules_next_dist_115brz8._.js:2431
[   58804ms] [LOG] Chart elements: 0 @ http://localhost:3000/_next/static/chunks/node_modules_next_dist_115brz8._.js:2431
[   58804ms] [LOG] Chart text elements: [] @ http://localhost:3000/_next/static/chunks/node_modules_next_dist_115brz8._.js:2431
[   75214ms] [LOG] [Fast Refresh] rebuilding @ http://localhost:3000/_next/static/chunks/node_modules_next_dist_115brz8._.js:2431
[   75215ms] [LOG] [Fast Refresh] done in 103ms @ http://localhost:3000/_next/static/chunks/node_modules_next_dist_115brz8._.js:2431
[   81556ms] [LOG] [Fast Refresh] rebuilding @ http://localhost:3000/_next/static/chunks/node_modules_next_dist_115brz8._.js:2431
[   81571ms] [LOG] [Fast Refresh] done in 118ms @ http://localhost:3000/_next/static/chunks/node_modules_next_dist_115brz8._.js:2431
[  105042ms] [LOG] Total paths in SVG: 2 @ http://localhost:3000/_next/static/chunks/node_modules_next_dist_115brz8._.js:2431
[  116332ms] [LOG] [Fast Refresh] rebuilding @ http://localhost:3000/_next/static/chunks/node_modules_next_dist_115brz8._.js:2431
[  116374ms] [LOG] AssetChart Debug: {stockSymbols: Array(0), cryptoIds: Array(0), stockData: undefined, cryptoData: undefined, isStockLoading: false} @ http://localhost:3000/_next/static/chunks/node_modules_next_dist_115brz8._.js:2431
[  116375ms] [LOG] AssetChart Debug: {stockSymbols: Array(0), cryptoIds: Array(0), stockData: undefined, cryptoData: undefined, isStockLoading: false} @ http://localhost:3000/_next/static/chunks/node_modules_next_dist_115brz8._.js:2431
[  116376ms] [LOG] [Fast Refresh] done in 141ms @ http://localhost:3000/_next/static/chunks/node_modules_next_dist_115brz8._.js:2431
[  116482ms] [LOG] [Fast Refresh] rebuilding @ http://localhost:3000/_next/static/chunks/node_modules_next_dist_115brz8._.js:2431
[  116613ms] [LOG] [Fast Refresh] done in 237ms @ http://localhost:3000/_next/static/chunks/node_modules_next_dist_115brz8._.js:2431
[  116766ms] [LOG] AssetChart Debug: {stockSymbols: Array(0), cryptoIds: Array(0), stockData: undefined, cryptoData: undefined, isStockLoading: false} @ http://localhost:3000/_next/static/chunks/node_modules_next_dist_115brz8._.js:2431
[  116768ms] [LOG] AssetChart Debug: {stockSymbols: Array(0), cryptoIds: Array(0), stockData: undefined, cryptoData: undefined, isStockLoading: false} @ http://localhost:3000/_next/static/chunks/node_modules_next_dist_115brz8._.js:2431
[  116908ms] [LOG] AssetChart Debug: {stockSymbols: Array(0), cryptoIds: Array(0), stockData: undefined, cryptoData: undefined, isStockLoading: false} @ http://localhost:3000/_next/static/chunks/node_modules_next_dist_115brz8._.js:2431
[  116909ms] [LOG] AssetChart Debug: {stockSymbols: Array(0), cryptoIds: Array(0), stockData: undefined, cryptoData: undefined, isStockLoading: false} @ http://localhost:3000/_next/static/chunks/node_modules_next_dist_115brz8._.js:2431
[  146779ms] [LOG] AssetChart Debug: {stockSymbols: Array(0), cryptoIds: Array(0), stockData: undefined, cryptoData: undefined, isStockLoading: false} @ http://localhost:3000/_next/static/chunks/node_modules_next_dist_115brz8._.js:2431
[  146779ms] [LOG] AssetChart Debug: {stockSymbols: Array(0), cryptoIds: Array(0), stockData: undefined, cryptoData: undefined, isStockLoading: false} @ http://localhost:3000/_next/static/chunks/node_modules_next_dist_115brz8._.js:2431
[  176785ms] [LOG] AssetChart Debug: {stockSymbols: Array(0), cryptoIds: Array(0), stockData: undefined, cryptoData: undefined, isStockLoading: false} @ http://localhost:3000/_next/static/chunks/node_modules_next_dist_115brz8._.js:2431
[  176786ms] [LOG] AssetChart Debug: {stockSymbols: Array(0), cryptoIds: Array(0), stockData: undefined, cryptoData: undefined, isStockLoading: false} @ http://localhost:3000/_next/static/chunks/node_modules_next_dist_115brz8._.js:2431
[  180768ms] [LOG] [Fast Refresh] rebuilding @ http://localhost:3000/_next/static/chunks/node_modules_next_dist_115brz8._.js:2431
[  181133ms] [LOG] [Fast Refresh] done in 481ms @ http://localhost:3000/_next/static/chunks/node_modules_next_dist_115brz8._.js:2431
