[     144ms] [INFO] %cDownload the React DevTools for a better development experience: https://react.dev/link/react-devtools font-weight:bold @ http://localhost:3000/_next/static/chunks/node_modules_next_dist_115brz8._.js:2431
[     184ms] [LOG] [HMR] connected @ http://localhost:3000/_next/static/chunks/node_modules_next_dist_115brz8._.js:2431
[     296ms] [LOG] AssetChart Debug: {stockSymbols: Array(1), cryptoIds: Array(1), stockData: undefined, cryptoData: undefined, isStockLoading: true} @ http://localhost:3000/_next/static/chunks/node_modules_next_dist_115brz8._.js:2431
[     297ms] [LOG] AssetChart Debug: {stockSymbols: Array(1), cryptoIds: Array(1), stockData: undefined, cryptoData: undefined, isStockLoading: true} @ http://localhost:3000/_next/static/chunks/node_modules_next_dist_115brz8._.js:2431
[     316ms] [LOG] AssetChart Debug: {stockSymbols: Array(1), cryptoIds: Array(1), stockData: undefined, cryptoData: undefined, isStockLoading: true} @ http://localhost:3000/_next/static/chunks/node_modules_next_dist_115brz8._.js:2431
[     317ms] [LOG] AssetChart Debug: {stockSymbols: Array(1), cryptoIds: Array(1), stockData: undefined, cryptoData: undefined, isStockLoading: true} @ http://localhost:3000/_next/static/chunks/node_modules_next_dist_115brz8._.js:2431
[     350ms] [LOG] AssetChart Debug: {stockSymbols: Array(1), cryptoIds: Array(1), stockData: 1, cryptoData: 0, isStockLoading: false} @ http://localhost:3000/_next/static/chunks/node_modules_next_dist_115brz8._.js:2431
[     351ms] [LOG] AssetChart Debug: {stockSymbols: Array(1), cryptoIds: Array(1), stockData: 1, cryptoData: 0, isStockLoading: false} @ http://localhost:3000/_next/static/chunks/node_modules_next_dist_115brz8._.js:2431
[    9137ms] [LOG] [Fast Refresh] rebuilding @ http://localhost:3000/_next/static/chunks/node_modules_next_dist_115brz8._.js:2431
[    9138ms] [LOG] [Fast Refresh] done in 102ms @ http://localhost:3000/_next/static/chunks/node_modules_next_dist_115brz8._.js:2431
[   11083ms] [LOG] AssetChart Debug: {stockSymbols: Array(1), cryptoIds: Array(1), stockData: 1, cryptoData: 0, isStockLoading: false} @ http://localhost:3000/_next/static/chunks/node_modules_next_dist_115brz8._.js:2431
[   11083ms] [LOG] AssetChart Debug: {stockSymbols: Array(1), cryptoIds: Array(1), stockData: 1, cryptoData: 0, isStockLoading: false} @ http://localhost:3000/_next/static/chunks/node_modules_next_dist_115brz8._.js:2431
[   18519ms] [LOG] AssetChart Debug: {stockSymbols: Array(1), cryptoIds: Array(1), stockData: 1, cryptoData: 0, isStockLoading: false} @ http://localhost:3000/_next/static/chunks/node_modules_next_dist_115brz8._.js:2431
[   18520ms] [LOG] AssetChart Debug: {stockSymbols: Array(1), cryptoIds: Array(1), stockData: 1, cryptoData: 0, isStockLoading: false} @ http://localhost:3000/_next/static/chunks/node_modules_next_dist_115brz8._.js:2431
[   18559ms] [LOG] AssetChart Debug: {stockSymbols: Array(1), cryptoIds: Array(1), stockData: 1, cryptoData: 0, isStockLoading: false} @ http://localhost:3000/_next/static/chunks/node_modules_next_dist_115brz8._.js:2431
[   18560ms] [LOG] AssetChart Debug: {stockSymbols: Array(1), cryptoIds: Array(1), stockData: 1, cryptoData: 0, isStockLoading: false} @ http://localhost:3000/_next/static/chunks/node_modules_next_dist_115brz8._.js:2431
[   18591ms] [LOG] AssetChart Debug: {stockSymbols: Array(1), cryptoIds: Array(1), stockData: 1, cryptoData: 0, isStockLoading: false} @ http://localhost:3000/_next/static/chunks/node_modules_next_dist_115brz8._.js:2431
[   18592ms] [LOG] AssetChart Debug: {stockSymbols: Array(1), cryptoIds: Array(1), stockData: 1, cryptoData: 0, isStockLoading: false} @ http://localhost:3000/_next/static/chunks/node_modules_next_dist_115brz8._.js:2431
[   19333ms] [LOG] AssetChart Debug: {stockSymbols: Array(1), cryptoIds: Array(1), stockData: 1, cryptoData: 0, isStockLoading: false} @ http://localhost:3000/_next/static/chunks/node_modules_next_dist_115brz8._.js:2431
[   19334ms] [LOG] AssetChart Debug: {stockSymbols: Array(1), cryptoIds: Array(1), stockData: 1, cryptoData: 0, isStockLoading: false} @ http://localhost:3000/_next/static/chunks/node_modules_next_dist_115brz8._.js:2431
[   43984ms] [LOG] [Fast Refresh] rebuilding @ http://localhost:3000/_next/static/chunks/node_modules_next_dist_115brz8._.js:2431
[   44018ms] [LOG] PortfolioPage holdings: 3 AAPL,BTC,MSFT @ http://localhost:3000/_next/static/chunks/node_modules_next_dist_115brz8._.js:2431
[   44021ms] [LOG] PortfolioPage holdings: 3 AAPL,BTC,MSFT @ http://localhost:3000/_next/static/chunks/node_modules_next_dist_115brz8._.js:2431
[   44041ms] [LOG] AssetChart Debug: {stockSymbols: Array(1), cryptoIds: Array(1), stockData: 1, cryptoData: 0, isStockLoading: false} @ http://localhost:3000/_next/static/chunks/node_modules_next_dist_115brz8._.js:2431
[   44042ms] [LOG] AssetChart Debug: {stockSymbols: Array(1), cryptoIds: Array(1), stockData: 1, cryptoData: 0, isStockLoading: false} @ http://localhost:3000/_next/static/chunks/node_modules_next_dist_115brz8._.js:2431
[   44074ms] [LOG] PortfolioPage holdings: 3 AAPL,BTC,MSFT @ http://localhost:3000/_next/static/chunks/node_modules_next_dist_115brz8._.js:2431
[   44077ms] [LOG] PortfolioPage holdings: 3 AAPL,BTC,MSFT @ http://localhost:3000/_next/static/chunks/node_modules_next_dist_115brz8._.js:2431
[   44094ms] [LOG] AssetChart Debug: {stockSymbols: Array(1), cryptoIds: Array(1), stockData: 1, cryptoData: 0, isStockLoading: false} @ http://localhost:3000/_next/static/chunks/node_modules_next_dist_115brz8._.js:2431
[   44095ms] [LOG] AssetChart Debug: {stockSymbols: Array(1), cryptoIds: Array(1), stockData: 1, cryptoData: 0, isStockLoading: false} @ http://localhost:3000/_next/static/chunks/node_modules_next_dist_115brz8._.js:2431
[   44125ms] [LOG] [Fast Refresh] done in 132ms @ http://localhost:3000/_next/static/chunks/node_modules_next_dist_115brz8._.js:2431
[   44130ms] [LOG] PortfolioPage holdings: 3 AAPL,BTC,MSFT @ http://localhost:3000/_next/static/chunks/node_modules_next_dist_115brz8._.js:2431
[   44131ms] [LOG] PortfolioPage holdings: 3 AAPL,BTC,MSFT @ http://localhost:3000/_next/static/chunks/node_modules_next_dist_115brz8._.js:2431
[   44143ms] [LOG] AssetChart Debug: {stockSymbols: Array(1), cryptoIds: Array(1), stockData: 1, cryptoData: 0, isStockLoading: false} @ http://localhost:3000/_next/static/chunks/node_modules_next_dist_115brz8._.js:2431
[   44143ms] [LOG] AssetChart Debug: {stockSymbols: Array(1), cryptoIds: Array(1), stockData: 1, cryptoData: 0, isStockLoading: false} @ http://localhost:3000/_next/static/chunks/node_modules_next_dist_115brz8._.js:2431
[   44227ms] [LOG] [Fast Refresh] rebuilding @ http://localhost:3000/_next/static/chunks/node_modules_next_dist_115brz8._.js:2431
[   44261ms] [LOG] [Fast Refresh] done in 136ms @ http://localhost:3000/_next/static/chunks/node_modules_next_dist_115brz8._.js:2431
[   44369ms] [LOG] [Fast Refresh] rebuilding @ http://localhost:3000/_next/static/chunks/node_modules_next_dist_115brz8._.js:2431
[   44428ms] [LOG] [Fast Refresh] done in 166ms @ http://localhost:3000/_next/static/chunks/node_modules_next_dist_115brz8._.js:2431
[   44451ms] [LOG] PortfolioPage holdings: 3 AAPL,BTC,MSFT @ http://localhost:3000/_next/static/chunks/node_modules_next_dist_115brz8._.js:2431
[   44452ms] [LOG] PortfolioPage holdings: 3 AAPL,BTC,MSFT @ http://localhost:3000/_next/static/chunks/node_modules_next_dist_115brz8._.js:2431
[   44477ms] [LOG] AssetChart Debug: {stockSymbols: Array(1), cryptoIds: Array(1), stockData: 1, cryptoData: 0, isStockLoading: false} @ http://localhost:3000/_next/static/chunks/node_modules_next_dist_115brz8._.js:2431
[   44478ms] [LOG] AssetChart Debug: {stockSymbols: Array(1), cryptoIds: Array(1), stockData: 1, cryptoData: 0, isStockLoading: false} @ http://localhost:3000/_next/static/chunks/node_modules_next_dist_115brz8._.js:2431
[   48565ms] [LOG] AssetChart Debug: {stockSymbols: Array(1), cryptoIds: Array(1), stockData: 1, cryptoData: 0, isStockLoading: false} @ http://localhost:3000/_next/static/chunks/node_modules_next_dist_115brz8._.js:2431
[   48565ms] [LOG] AssetChart Debug: {stockSymbols: Array(1), cryptoIds: Array(1), stockData: 1, cryptoData: 0, isStockLoading: false} @ http://localhost:3000/_next/static/chunks/node_modules_next_dist_115brz8._.js:2431
[   74146ms] [LOG] PortfolioPage holdings: 3 AAPL,BTC,MSFT @ http://localhost:3000/_next/static/chunks/node_modules_next_dist_115brz8._.js:2431
[   74147ms] [LOG] PortfolioPage holdings: 3 AAPL,BTC,MSFT @ http://localhost:3000/_next/static/chunks/node_modules_next_dist_115brz8._.js:2431
[   74157ms] [LOG] AssetChart Debug: {stockSymbols: Array(1), cryptoIds: Array(1), stockData: 1, cryptoData: 0, isStockLoading: false} @ http://localhost:3000/_next/static/chunks/node_modules_next_dist_115brz8._.js:2431
[   74158ms] [LOG] AssetChart Debug: {stockSymbols: Array(1), cryptoIds: Array(1), stockData: 1, cryptoData: 0, isStockLoading: false} @ http://localhost:3000/_next/static/chunks/node_modules_next_dist_115brz8._.js:2431
