[     168ms] [INFO] %cDownload the React DevTools for a better development experience: https://react.dev/link/react-devtools font-weight:bold @ http://localhost:3000/_next/static/chunks/node_modules_next_dist_115brz8._.js:2431
[     205ms] [LOG] [HMR] connected @ http://localhost:3000/_next/static/chunks/node_modules_next_dist_115brz8._.js:2431
[     386ms] [LOG] PortfolioPage holdings: 3 BTC,MSFT,ETH @ http://localhost:3000/_next/static/chunks/node_modules_next_dist_115brz8._.js:2431
[     387ms] [LOG] PortfolioPage holdings: 3 BTC,MSFT,ETH @ http://localhost:3000/_next/static/chunks/node_modules_next_dist_115brz8._.js:2431
[     400ms] [LOG] PortfolioPage holdings: 3 BTC,MSFT,ETH @ http://localhost:3000/_next/static/chunks/node_modules_next_dist_115brz8._.js:2431
[     402ms] [LOG] PortfolioPage holdings: 3 BTC,MSFT,ETH @ http://localhost:3000/_next/static/chunks/node_modules_next_dist_115brz8._.js:2431
[     727ms] [LOG] [Fast Refresh] rebuilding @ http://localhost:3000/_next/static/chunks/node_modules_next_dist_115brz8._.js:2431
[     739ms] [LOG] [Fast Refresh] done in 116ms @ http://localhost:3000/_next/static/chunks/node_modules_next_dist_115brz8._.js:2431
[     761ms] [LOG] PortfolioPage holdings: 3 BTC,MSFT,ETH @ http://localhost:3000/_next/static/chunks/node_modules_next_dist_115brz8._.js:2431
[     763ms] [LOG] PortfolioPage holdings: 3 BTC,MSFT,ETH @ http://localhost:3000/_next/static/chunks/node_modules_next_dist_115brz8._.js:2431
[    1214ms] [LOG] PortfolioPage holdings: 3 BTC,MSFT,ETH @ http://localhost:3000/_next/static/chunks/node_modules_next_dist_115brz8._.js:2431
[    1216ms] [LOG] PortfolioPage holdings: 3 BTC,MSFT,ETH @ http://localhost:3000/_next/static/chunks/node_modules_next_dist_115brz8._.js:2431
[    6805ms] [LOG] PortfolioPage holdings: 3 BTC,MSFT,ETH @ http://localhost:3000/_next/static/chunks/node_modules_next_dist_115brz8._.js:2431
[    6805ms] [LOG] PortfolioPage holdings: 3 BTC,MSFT,ETH @ http://localhost:3000/_next/static/chunks/node_modules_next_dist_115brz8._.js:2431
[    8055ms] [LOG] [Fast Refresh] rebuilding @ http://localhost:3000/_next/static/chunks/node_modules_next_dist_115brz8._.js:2431
[    8057ms] [LOG] [Fast Refresh] done in 102ms @ http://localhost:3000/_next/static/chunks/node_modules_next_dist_115brz8._.js:2431
[   21621ms] [LOG] PortfolioPage holdings: 4 BTC,MSFT,ETH,SOL @ http://localhost:3000/_next/static/chunks/node_modules_next_dist_115brz8._.js:2431
[   21622ms] [LOG] PortfolioPage holdings: 4 BTC,MSFT,ETH,SOL @ http://localhost:3000/_next/static/chunks/node_modules_next_dist_115brz8._.js:2431
[   22010ms] [LOG] PortfolioPage holdings: 4 BTC,MSFT,ETH,SOL @ http://localhost:3000/_next/static/chunks/node_modules_next_dist_115brz8._.js:2431
[   22011ms] [LOG] PortfolioPage holdings: 4 BTC,MSFT,ETH,SOL @ http://localhost:3000/_next/static/chunks/node_modules_next_dist_115brz8._.js:2431
[   27778ms] [LOG] [Fast Refresh] rebuilding @ http://localhost:3000/_next/static/chunks/node_modules_next_dist_115brz8._.js:2431
[   27793ms] [LOG] [Fast Refresh] done in 119ms @ http://localhost:3000/_next/static/chunks/node_modules_next_dist_115brz8._.js:2431
[   51700ms] [LOG] PortfolioPage holdings: 4 BTC,MSFT,ETH,SOL @ http://localhost:3000/_next/static/chunks/node_modules_next_dist_115brz8._.js:2431
[   51701ms] [LOG] PortfolioPage holdings: 4 BTC,MSFT,ETH,SOL @ http://localhost:3000/_next/static/chunks/node_modules_next_dist_115brz8._.js:2431
[   81712ms] [LOG] PortfolioPage holdings: 4 BTC,MSFT,ETH,SOL @ http://localhost:3000/_next/static/chunks/node_modules_next_dist_115brz8._.js:2431
[   81714ms] [LOG] PortfolioPage holdings: 4 BTC,MSFT,ETH,SOL @ http://localhost:3000/_next/static/chunks/node_modules_next_dist_115brz8._.js:2431
